Component: ARM Compiler 5.06 update 7 (build 960) Tool: armlink [4d3601]

==============================================================================

Section Cross References

    main.o(i.board_init) refers to system_swm181.o(i.SystemInit) for SystemInit
    main.o(i.board_init) refers to address.o(i.drive_address_config) for drive_address_config
    main.o(i.board_init) refers to led.o(i.led_init) for led_init
    main.o(i.board_init) refers to infrared_ray_check.o(i.ir_check_init) for ir_check_init
    main.o(i.board_init) refers to motor_driver.o(i.motor_init) for motor_init
    main.o(i.board_init) refers to rs485.o(i.rs485_channel1_config) for rs485_channel1_config
    main.o(i.board_init) refers to rs485.o(i.rs485_channel2_config) for rs485_channel2_config
    main.o(i.board_init) refers to lock.o(i.lock_io_Init) for lock_io_Init
    main.o(i.board_init) refers to tick.o(i.system_tick_init) for system_tick_init
    main.o(i.board_init) refers to segger_rtt.o(i.SEGGER_RTT_Init) for SEGGER_RTT_Init
    main.o(i.board_init) refers to ambient.o(i.ask_ambient) for ask_ambient
    main.o(i.board_init) refers to vm.o(i.frame_default) for frame_default
    main.o(i.board_init) refers to vm.o(i.write_frame_checkcode) for write_frame_checkcode
    main.o(i.board_init) refers to rs485.o(i.rs485_channel1_send) for rs485_channel1_send
    main.o(i.board_init) refers to segger_rtt_printf.o(i.SEGGER_RTT_printf) for SEGGER_RTT_printf
    main.o(i.board_init) refers to ambient.o(.data) for __is_ask
    main.o(i.board_init) refers to main.o(.bss) for vm_data_hello
    main.o(i.main) refers to main.o(i.board_init) for board_init
    main.o(i.main) refers to main.o(i.__ARM_common_switch8) for __ARM_common_switch8
    main.o(i.main) refers to vm.o(i.rs485_ch1_recv) for rs485_ch1_recv
    main.o(i.main) refers to vm.o(i.rs485_ch1_reply) for rs485_ch1_reply
    main.o(i.main) refers to ambient.o(i.ask_ambient) for ask_ambient
    main.o(i.main) refers to ambient.o(i.rs485_ch2_recv) for rs485_ch2_recv
    main.o(i.main) refers to swm181_gpio.o(i.GPIO_InvBit) for GPIO_InvBit
    main.o(i.main) refers to swm_it.o(.data) for led_tick
    vm.o(i.fb_motor_output) refers to malloc.o(i.mymemcpy) for mymemcpy
    vm.o(i.fb_motor_output) refers to motor_driver.o(i.fb_motor_on) for fb_motor_on
    vm.o(i.fb_motor_output) refers to vm.o(.bss) for vm_data_frame
    vm.o(i.fb_motor_output) refers to vm.o(.data) for vm_control
    vm.o(i.frame_check) refers to malloc.o(i.mymemcpy) for mymemcpy
    vm.o(i.frame_check) refers to uread4.o(.text) for __aeabi_uread4
    vm.o(i.frame_check) refers to vm.o(i.crc16encode) for crc16encode
    vm.o(i.frame_default) refers to uwrite4.o(.text) for __aeabi_uwrite4
    vm.o(i.frame_default) refers to address.o(i.get_driver_address) for get_driver_address
    vm.o(i.frame_default) refers to memseta.o(.text) for __aeabi_memclr
    vm.o(i.output) refers to vm.o(i.fb_motor_output) for fb_motor_output
    vm.o(i.output) refers to malloc.o(i.mymemcpy) for mymemcpy
    vm.o(i.output) refers to segger_rtt_printf.o(i.SEGGER_RTT_printf) for SEGGER_RTT_printf
    vm.o(i.output) refers to motor_driver.o(i.fb_electromagnet_action) for fb_electromagnet_action
    vm.o(i.output) refers to motor_driver.o(i.nfb_electromagnet_action) for nfb_electromagnet_action
    vm.o(i.output) refers to vm.o(.bss) for vm_data_frame
    vm.o(i.output) refers to vm.o(.data) for vm_control
    vm.o(i.rs485_ch1_recv) refers to motor_driver.o(i.load_status_get) for load_status_get
    vm.o(i.rs485_ch1_recv) refers to infrared_ray_check.o(i.wait_ir_flag_get) for wait_ir_flag_get
    vm.o(i.rs485_ch1_recv) refers to memseta.o(.text) for __aeabi_memclr4
    vm.o(i.rs485_ch1_recv) refers to rs485.o(i.rs485_channel1_get_buffer) for rs485_channel1_get_buffer
    vm.o(i.rs485_ch1_recv) refers to malloc.o(i.mymemcpy) for mymemcpy
    vm.o(i.rs485_ch1_recv) refers to vm.o(i.frame_check) for frame_check
    vm.o(i.rs485_ch1_recv) refers to segger_rtt_printf.o(i.SEGGER_RTT_printf) for SEGGER_RTT_printf
    vm.o(i.rs485_ch1_recv) refers to address.o(i.get_driver_address) for get_driver_address
    vm.o(i.rs485_ch1_recv) refers to address.o(i.modification_address) for modification_address
    vm.o(i.rs485_ch1_recv) refers to vm.o(i.output) for output
    vm.o(i.rs485_ch1_recv) refers to vm.o(i.vm_elock) for vm_elock
    vm.o(i.rs485_ch1_recv) refers to vm.o(i.frame_default) for frame_default
    vm.o(i.rs485_ch1_recv) refers to vm.o(i.write_frame_checkcode) for write_frame_checkcode
    vm.o(i.rs485_ch1_recv) refers to rs485.o(i.rs485_channel1_send) for rs485_channel1_send
    vm.o(i.rs485_ch1_recv) refers to rs485.o(i.rs485_channel1_clear_buffer) for rs485_channel1_clear_buffer
    vm.o(i.rs485_ch1_recv) refers to rs485.o(.data) for __RS485_Ch1_RX_Finish
    vm.o(i.rs485_ch1_recv) refers to vm.o(.bss) for vm_data_frame
    vm.o(i.rs485_ch1_recv) refers to vm.o(.data) for __current_result
[...]
    startup_swm181.o(RESET) refers to swm_it.o(i.IRQ1_Handler) for IRQ1_Handler
    startup_swm181.o(RESET) refers to swm_it.o(i.IRQ2_Handler) for IRQ2_Handler
    startup_swm181.o(RESET) refers to swm_it.o(i.IRQ3_Handler) for IRQ3_Handler
    startup_swm181.o(RESET) refers to swm_it.o(i.IRQ4_Handler) for IRQ4_Handler
    startup_swm181.o(RESET) refers to swm_it.o(i.IRQ5_Handler) for IRQ5_Handler
    startup_swm181.o(RESET) refers to swm_it.o(i.IRQ6_Handler) for IRQ6_Handler
    startup_swm181.o(RESET) refers to swm_it.o(i.IRQ7_Handler) for IRQ7_Handler
    startup_swm181.o(RESET) refers to swm_it.o(i.IRQ8_Handler) for IRQ8_Handler
    startup_swm181.o(RESET) refers to swm_it.o(i.IRQ9_Handler) for IRQ9_Handler
    startup_swm181.o(RESET) refers to swm_it.o(i.IRQ10_Handler) for IRQ10_Handler
    startup_swm181.o(RESET) refers to swm_it.o(i.IRQ11_Handler) for IRQ11_Handler
    startup_swm181.o(RESET) refers to swm_it.o(i.IRQ12_Handler) for IRQ12_Handler
    startup_swm181.o(RESET) refers to swm_it.o(i.IRQ28_Handler) for IRQ28_Handler
    startup_swm181.o(RESET) refers to swm_it.o(i.IRQ29_Handler) for IRQ29_Handler
    startup_swm181.o(RESET) refers to entry.o(.ARM.Collect$$$$00000000) for __main
    system_swm181.o(i.SystemCoreClockUpdate) refers to system_swm181.o(.data) for SystemCoreClock
    system_swm181.o(i.SystemInit) refers to main.o(i.__ARM_common_switch8) for __ARM_common_switch8
    system_swm181.o(i.SystemInit) refers to system_swm181.o(i.switchToRC32KHz) for switchToRC32KHz
    system_swm181.o(i.SystemInit) refers to system_swm181.o(i.switchToRC24MHz) for switchToRC24MHz
    system_swm181.o(i.SystemInit) refers to system_swm181.o(i.switchToRC6MHz) for switchToRC6MHz
    system_swm181.o(i.SystemInit) refers to system_swm181.o(i.switchToRC48MHz) for switchToRC48MHz
    system_swm181.o(i.SystemInit) refers to system_swm181.o(i.switchToRC12MHz) for switchToRC12MHz
    system_swm181.o(i.SystemInit) refers to system_swm181.o(i.switchToXTAL) for switchToXTAL
    system_swm181.o(i.SystemInit) refers to system_swm181.o(i.SystemCoreClockUpdate) for SystemCoreClockUpdate
    system_swm181.o(i.switchToXTAL) refers to swm181_port.o(i.PORT_Init) for PORT_Init
    entry.o(.ARM.Collect$$$$00000000) refers (Special) to entry10a.o(.ARM.Collect$$$$0000000F) for __rt_final_cpp
    entry.o(.ARM.Collect$$$$00000000) refers (Special) to entry11a.o(.ARM.Collect$$$$00000011) for __rt_final_exit
    entry.o(.ARM.Collect$$$$00000000) refers (Special) to entry12b.o(.ARM.Collect$$$$0000000E) for __rt_lib_shutdown_fini
    entry.o(.ARM.Collect$$$$00000000) refers (Special) to entry7b.o(.ARM.Collect$$$$00000008) for _main_clock
    entry.o(.ARM.Collect$$$$00000000) refers (Special) to entry8b.o(.ARM.Collect$$$$0000000A) for _main_cpp_init
    entry.o(.ARM.Collect$$$$00000000) refers (Special) to entry9a.o(.ARM.Collect$$$$0000000B) for _main_init
    entry.o(.ARM.Collect$$$$00000000) refers (Special) to entry5.o(.ARM.Collect$$$$00000004) for _main_scatterload
    entry.o(.ARM.Collect$$$$00000000) refers (Special) to entry2.o(.ARM.Collect$$$$00000001) for _main_stk
    idiv.o(.text) refers to uidiv.o(.text) for __aeabi_uidivmod
    entry2.o(.ARM.Collect$$$$00000001) refers to entry2.o(.ARM.Collect$$$$00002712) for __lit__00000000
    entry2.o(.ARM.Collect$$$$00002712) refers to startup_swm181.o(STACK) for __initial_sp
    entry2.o(__vectab_stack_and_reset_area) refers to startup_swm181.o(STACK) for __initial_sp
    entry2.o(__vectab_stack_and_reset_area) refers to entry.o(.ARM.Collect$$$$00000000) for __main
    entry5.o(.ARM.Collect$$$$00000004) refers to init.o(.text) for __scatterload
    entry9a.o(.ARM.Collect$$$$0000000B) refers to main.o(i.main) for main
    entry9b.o(.ARM.Collect$$$$0000000C) refers to main.o(i.main) for main
    init.o(.text) refers to entry5.o(.ARM.Collect$$$$00000004) for __main_after_scatterload


==============================================================================

Removing Unused input sections from the image.

    Removing main.o(.rev16_text), (4 bytes).
    Removing main.o(.revsh_text), (4 bytes).
    Removing vm.o(.rev16_text), (4 bytes).
    Removing vm.o(.revsh_text), (4 bytes).
    Removing swm_it.o(.rev16_text), (4 bytes).
    Removing swm_it.o(.revsh_text), (4 bytes).
    Removing ambient.o(.rev16_text), (4 bytes).
    Removing ambient.o(.revsh_text), (4 bytes).
    Removing tick.o(.rev16_text), (4 bytes).
    Removing tick.o(.revsh_text), (4 bytes).
    Removing motor_driver.o(.rev16_text), (4 bytes).
    Removing motor_driver.o(.revsh_text), (4 bytes).
    Removing motor_driver.o(i.fb_test), (22 bytes).
    Removing uart.o(.rev16_text), (4 bytes).
    Removing uart.o(.revsh_text), (4 bytes).
    Removing rs485.o(.rev16_text), (4 bytes).
    Removing rs485.o(.revsh_text), (4 bytes).
    Removing led.o(.rev16_text), (4 bytes).
    Removing led.o(.revsh_text), (4 bytes).
    Removing timer.o(.rev16_text), (4 bytes).
    Removing timer.o(.revsh_text), (4 bytes).
    Removing infrared_ray_check.o(.rev16_text), (4 bytes).
    Removing infrared_ray_check.o(.revsh_text), (4 bytes).
    Removing lock.o(.rev16_text), (4 bytes).
    Removing lock.o(.revsh_text), (4 bytes).
    Removing address.o(.rev16_text), (4 bytes).
    Removing address.o(.revsh_text), (4 bytes).
    Removing segger_rtt.o(i.SEGGER_RTT_AllocDownBuffer), (148 bytes).
    Removing segger_rtt.o(i.SEGGER_RTT_AllocUpBuffer), (148 bytes).
    Removing segger_rtt.o(i.SEGGER_RTT_ConfigDownBuffer), (128 bytes).
    Removing segger_rtt.o(i.SEGGER_RTT_ConfigUpBuffer), (128 bytes).
    Removing segger_rtt.o(i.SEGGER_RTT_GetKey), (32 bytes).
    Removing segger_rtt.o(i.SEGGER_RTT_HasData), (24 bytes).
    Removing segger_rtt.o(i.SEGGER_RTT_HasKey), (44 bytes).
    Removing segger_rtt.o(i.SEGGER_RTT_Read), (28 bytes).
    Removing segger_rtt.o(i.SEGGER_RTT_ReadNoLock), (172 bytes).
    Removing segger_rtt.o(i.SEGGER_RTT_SetNameDownBuffer), (60 bytes).
    Removing segger_rtt.o(i.SEGGER_RTT_SetNameUpBuffer), (60 bytes).
    Removing segger_rtt.o(i.SEGGER_RTT_SetTerminal), (124 bytes).
    Removing segger_rtt.o(i.SEGGER_RTT_TerminalOut), (228 bytes).
    Removing segger_rtt.o(i.SEGGER_RTT_WaitKey), (14 bytes).
    Removing segger_rtt.o(i.SEGGER_RTT_WriteSkipNoLock), (196 bytes).
    Removing segger_rtt.o(i.SEGGER_RTT_WriteString), (26 bytes).
    Removing segger_rtt.o(i._PostTerminalSwitch), (36 bytes).
    Removing segger_rtt.o(.data), (17 bytes).
    Removing malloc.o(.rev16_text), (4 bytes).
    Removing malloc.o(.revsh_text), (4 bytes).
    Removing malloc.o(i.mem_free), (76 bytes).
    Removing malloc.o(i.mem_init), (44 bytes).
    Removing malloc.o(i.mem_malloc), (128 bytes).
    Removing malloc.o(i.mem_perused), (56 bytes).
    Removing malloc.o(i.myfree), (32 bytes).
    Removing malloc.o(i.mymalloc), (32 bytes).
    Removing malloc.o(i.myrealloc), (56 bytes).
    Removing malloc.o(.bss), (45696 bytes).
    Removing malloc.o(.constdata), (12 bytes).
    Removing malloc.o(.data), (20 bytes).
    Removing swm181_cache.o(.rev16_text), (4 bytes).
    Removing swm181_cache.o(.revsh_text), (4 bytes).
    Removing swm181_cache.o(i.CACHE_Init), (44 bytes).
    Removing swm181_cache.o(i.CACHE_InvalidSlotNumber), (20 bytes).
    Removing swm181_cache.o(i.CACHE_Prefetch), (92 bytes).
    Removing swm181_cache.o(i.CACHE_PrefetchSlotNumber), (20 bytes).
    Removing swm181_cache.o(i.CACHE_Reset), (18 bytes).
    Removing swm181_dma.o(.rev16_text), (4 bytes).
    Removing swm181_dma.o(.revsh_text), (4 bytes).
    Removing swm181_dma.o(i.DMA_CHM_Config), (124 bytes).
    Removing swm181_dma.o(i.DMA_CH_Close), (80 bytes).
    Removing swm181_dma.o(i.DMA_CH_Config), (220 bytes).
    Removing swm181_dma.o(i.DMA_CH_INTClr), (70 bytes).
    Removing swm181_dma.o(i.DMA_CH_INTDis), (110 bytes).
    Removing swm181_dma.o(i.DMA_CH_INTEn), (110 bytes).
    Removing swm181_dma.o(i.DMA_CH_INTStat), (92 bytes).
    Removing swm181_dma.o(i.DMA_CH_Open), (80 bytes).
    Removing swm181_exti.o(.rev16_text), (4 bytes).
    Removing swm181_exti.o(.revsh_text), (4 bytes).
    Removing swm181_exti.o(i.EXTI_RawState), (12 bytes).
    Removing swm181_flash.o(.rev16_text), (4 bytes).
    Removing swm181_flash.o(.revsh_text), (4 bytes).
    Removing swm181_flash.o(PlaceInRAM), (160 bytes).
    Removing swm181_gpio.o(.rev16_text), (4 bytes).
    Removing swm181_gpio.o(.revsh_text), (4 bytes).
    Removing swm181_gpio.o(i.GPIO_AtomicClrBit), (16 bytes).
    Removing swm181_gpio.o(i.GPIO_AtomicClrBits), (32 bytes).
    Removing swm181_gpio.o(i.GPIO_AtomicInvBit), (16 bytes).
    Removing swm181_gpio.o(i.GPIO_AtomicInvBits), (32 bytes).
    Removing swm181_gpio.o(i.GPIO_AtomicSetBit), (16 bytes).
    Removing swm181_gpio.o(i.GPIO_AtomicSetBits), (32 bytes).
    Removing swm181_gpio.o(i.GPIO_ClrBits), (28 bytes).
    Removing swm181_gpio.o(i.GPIO_GetBits), (28 bytes).
    Removing swm181_gpio.o(i.GPIO_InvBits), (28 bytes).
    Removing swm181_gpio.o(i.GPIO_SetBits), (28 bytes).
    Removing swm181_irqmux.o(.rev16_text), (4 bytes).
    Removing swm181_irqmux.o(.revsh_text), (4 bytes).
    Removing swm181_irqmux.o(i.IRQ_Which), (76 bytes).
    Removing swm181_port.o(.rev16_text), (4 bytes).
    Removing swm181_port.o(.revsh_text), (4 bytes).
    Removing swm181_sleep.o(.rev16_text), (4 bytes).
    Removing swm181_sleep.o(.revsh_text), (4 bytes).
    Removing swm181_sleep.o(.emb_text), (40 bytes).
    Removing swm181_sleep.o(.data), (64 bytes).
    Removing swm181_timr.o(.rev16_text), (4 bytes).
    Removing swm181_timr.o(.revsh_text), (4 bytes).
    Removing swm181_timr.o(i.TIMR_GetCurValue), (6 bytes).
    Removing swm181_timr.o(i.TIMR_GetPeriod), (6 bytes).
    Removing swm181_timr.o(i.TIMR_Halt), (92 bytes).
    Removing swm181_timr.o(i.TIMR_INTDis), (92 bytes).
    Removing swm181_timr.o(i.TIMR_INTEn), (92 bytes).
    Removing swm181_timr.o(i.TIMR_Resume), (92 bytes).
    Removing swm181_timr.o(i.TIMR_SetPeriod), (4 bytes).
    Removing swm181_uart.o(.rev16_text), (4 bytes).
    Removing swm181_uart.o(.revsh_text), (4 bytes).
    Removing swm181_uart.o(i.UART_ABRIsDone), (38 bytes).
    Removing swm181_uart.o(i.UART_ABRStart), (100 bytes).
    Removing swm181_uart.o(i.UART_CTSConfig), (22 bytes).
    Removing swm181_uart.o(i.UART_CTSLineState), (12 bytes).
    Removing swm181_uart.o(i.UART_GetBaudrate), (28 bytes).
    Removing swm181_uart.o(i.UART_INTRXThresholdDis), (10 bytes).
    Removing swm181_uart.o(i.UART_INTRXThresholdEn), (10 bytes).
    Removing swm181_uart.o(i.UART_INTTXDoneDis), (10 bytes).
    Removing swm181_uart.o(i.UART_INTTXDoneEn), (10 bytes).
    Removing swm181_uart.o(i.UART_INTTXDoneStat), (14 bytes).
    Removing swm181_uart.o(i.UART_INTTXThresholdDis), (10 bytes).
    Removing swm181_uart.o(i.UART_INTTXThresholdEn), (10 bytes).
    Removing swm181_uart.o(i.UART_INTTXThresholdStat), (14 bytes).
    Removing swm181_uart.o(i.UART_INTTimeoutDis), (12 bytes).
    Removing swm181_uart.o(i.UART_IsTXFIFOFull), (12 bytes).
    Removing swm181_uart.o(i.UART_LINConfig), (22 bytes).
    Removing swm181_uart.o(i.UART_LINGenerate), (10 bytes).
    Removing swm181_uart.o(i.UART_LINIsDetected), (12 bytes).
    Removing swm181_uart.o(i.UART_LINIsGenerated), (12 bytes).
    Removing swm181_uart.o(i.UART_RTSConfig), (28 bytes).
    Removing swm181_uart.o(i.UART_RTSLineState), (14 bytes).
    Removing swm181_uart.o(i.UART_SetBaudrate), (40 bytes).
    Removing swm181_wdt.o(.rev16_text), (4 bytes).
    Removing swm181_wdt.o(.revsh_text), (4 bytes).
    Removing swm181_wdt.o(i.WDT_Feed), (6 bytes).
    Removing swm181_wdt.o(i.WDT_GetValue), (6 bytes).
    Removing swm181_wdt.o(i.WDT_INTClr), (6 bytes).
    Removing swm181_wdt.o(i.WDT_INTStat), (6 bytes).
    Removing swm181_wdt.o(i.WDT_Init), (62 bytes).
    Removing swm181_wdt.o(i.WDT_Start), (10 bytes).
    Removing swm181_wdt.o(i.WDT_Stop), (10 bytes).
    Removing startup_swm181.o(HEAP), (512 bytes).
    Removing system_swm181.o(.rev16_text), (4 bytes).
    Removing system_swm181.o(.revsh_text), (4 bytes).

146 unused section(s) (total 51135 bytes) removed from the image.

==============================================================================

Image Symbol Table

    Local Symbols

    Symbol Name                              Value     Ov Type        Size  Object(Section)

    RESET                                    0x00000000   Section      200  startup_swm181.o(RESET)
    ../clib/microlib/division.c              0x00000000   Number         0  uidiv.o ABSOLUTE
    ../clib/microlib/division.c              0x00000000   Number         0  idiv.o ABSOLUTE
    ../clib/microlib/init/entry.s            0x00000000   Number         0  entry5.o ABSOLUTE
    ../clib/microlib/init/entry.s            0x00000000   Number         0  entry8b.o ABSOLUTE
    ../clib/microlib/init/entry.s            0x00000000   Number         0  entry10a.o ABSOLUTE
    ../clib/microlib/init/entry.s            0x00000000   Number         0  entry9b.o ABSOLUTE
    ../clib/microlib/init/entry.s            0x00000000   Number         0  entry8a.o ABSOLUTE
    ../clib/microlib/init/entry.s            0x00000000   Number         0  entry.o ABSOLUTE
    ../clib/microlib/init/entry.s            0x00000000   Number         0  entry7b.o ABSOLUTE
    ../clib/microlib/init/entry.s            0x00000000   Number         0  entry7a.o ABSOLUTE
    ../clib/microlib/init/entry.s            0x00000000   Number         0  entry2.o ABSOLUTE
    ../clib/microlib/init/entry.s            0x00000000   Number         0  entry11a.o ABSOLUTE
    ../clib/microlib/init/entry.s            0x00000000   Number         0  entry10b.o ABSOLUTE
    ../clib/microlib/init/entry.s            0x00000000   Number         0  entry12b.o ABSOLUTE
    ../clib/microlib/init/entry.s            0x00000000   Number         0  entry11b.o ABSOLUTE
    ../clib/microlib/init/entry.s            0x00000000   Number         0  entry12a.o ABSOLUTE
    ../clib/microlib/init/entry.s            0x00000000   Number         0  entry9a.o ABSOLUTE
    ../clib/microlib/string/memcpy.c         0x00000000   Number         0  memcpya.o ABSOLUTE
    ../clib/microlib/string/memcpy.c         0x00000000   Number         0  memcpyb.o ABSOLUTE
    ../clib/microlib/string/memset.c         0x00000000   Number         0  memseta.o ABSOLUTE
    ../clib/microlib/string/strcpy.c         0x00000000   Number         0  strcpy.o ABSOLUTE
    ../clib/microlib/string/strlen.c         0x00000000   Number         0  strlen.o ABSOLUTE
    ../clib/microlib/unhosted.c              0x00000000   Number         0  uread4.o ABSOLUTE
    ../clib/microlib/unhosted.c              0x00000000   Number         0  uwrite4.o ABSOLUTE
    ..\Application\Drivers\Source\address.c  0x00000000   Number         0  address.o ABSOLUTE
    ..\Application\Drivers\Source\infrared_ray_check.c 0x00000000   Number         0  infrared_ray_check.o ABSOLUTE
    ..\Application\Drivers\Source\led.c      0x00000000   Number         0  led.o ABSOLUTE
    ..\Application\Drivers\Source\lock.c     0x00000000   Number         0  lock.o ABSOLUTE
    ..\Application\Drivers\Source\motor_driver.c 0x00000000   Number         0  motor_driver.o ABSOLUTE
    ..\Application\Drivers\Source\rs485.c    0x00000000   Number         0  rs485.o ABSOLUTE
    ..\Application\Drivers\Source\tick.c     0x00000000   Number         0  tick.o ABSOLUTE
    ..\Application\Drivers\Source\timer.c    0x00000000   Number         0  timer.o ABSOLUTE
    ..\Application\Drivers\Source\uart.c     0x00000000   Number         0  uart.o ABSOLUTE
    ..\Application\MALLOC\malloc.c           0x00000000   Number         0  malloc.o ABSOLUTE
    ..\Application\SEEGER\SEGGER_RTT.c       0x00000000   Number         0  segger_rtt.o ABSOLUTE
    ..\Application\SEEGER\SEGGER_RTT_printf.c 0x00000000   Number         0  segger_rtt_printf.o ABSOLUTE
    ..\Application\ambient.c                 0x00000000   Number         0  ambient.o ABSOLUTE
    ..\Application\main.c                    0x00000000   Number         0  main.o ABSOLUTE
    ..\Application\swm_it.c                  0x00000000   Number         0  swm_it.o ABSOLUTE
    ..\Application\vm.c                      0x00000000   Number         0  vm.o ABSOLUTE
    ..\\Application\\Drivers\\Source\\address.c 0x00000000   Number         0  address.o ABSOLUTE
    ..\\Application\\Drivers\\Source\\infrared_ray_check.c 0x00000000   Number         0  infrared_ray_check.o ABSOLUTE
    ..\\Application\\Drivers\\Source\\led.c  0x00000000   Number         0  led.o ABSOLUTE
    ..\\Application\\Drivers\\Source\\lock.c 0x00000000   Number         0  lock.o ABSOLUTE
    ..\\Application\\Drivers\\Source\\motor_driver.c 0x00000000   Number         0  motor_driver.o ABSOLUTE
    ..\\Application\\Drivers\\Source\\rs485.c 0x00000000   Number         0  rs485.o ABSOLUTE
    ..\\Application\\Drivers\\Source\\tick.c 0x00000000   Number         0  tick.o ABSOLUTE
    ..\\Application\\Drivers\\Source\\timer.c 0x00000000   Number         0  timer.o ABSOLUTE
    ..\\Application\\Drivers\\Source\\uart.c 0x00000000   Number         0  uart.o ABSOLUTE
    ..\\Application\\MALLOC\\malloc.c        0x00000000   Number         0  malloc.o ABSOLUTE
    ..\\Application\\ambient.c               0x00000000   Number         0  ambient.o ABSOLUTE
    ..\\Application\\main.c                  0x00000000   Number         0  main.o ABSOLUTE
    ..\\Application\\swm_it.c                0x00000000   Number         0  swm_it.o ABSOLUTE
    ..\\Application\\vm.c                    0x00000000   Number         0  vm.o ABSOLUTE
    D:\IDE\keil5\pack\Synwit\SWM32_DFP\1.20.3\CSL\SWM181\SWM181_StdPeriph_Driver\SWM181_cache.c 0x00000000   Number         0  swm181_cache.o ABSOLUTE
    D:\IDE\keil5\pack\Synwit\SWM32_DFP\1.20.3\CSL\SWM181\SWM181_StdPeriph_Driver\SWM181_dma.c 0x00000000   Number         0  swm181_dma.o ABSOLUTE
    D:\IDE\keil5\pack\Synwit\SWM32_DFP\1.20.3\CSL\SWM181\SWM181_StdPeriph_Driver\SWM181_exti.c 0x00000000   Number         0  swm181_exti.o ABSOLUTE
    D:\IDE\keil5\pack\Synwit\SWM32_DFP\1.20.3\CSL\SWM181\SWM181_StdPeriph_Driver\SWM181_flash.c 0x00000000   Number         0  swm181_flash.o ABSOLUTE
    D:\IDE\keil5\pack\Synwit\SWM32_DFP\1.20.3\CSL\SWM181\SWM181_StdPeriph_Driver\SWM181_gpio.c 0x00000000   Number         0  swm181_gpio.o ABSOLUTE
    D:\IDE\keil5\pack\Synwit\SWM32_DFP\1.20.3\CSL\SWM181\SWM181_StdPeriph_Driver\SWM181_irqmux.c 0x00000000   Number         0  swm181_irqmux.o ABSOLUTE
    D:\IDE\keil5\pack\Synwit\SWM32_DFP\1.20.3\CSL\SWM181\SWM181_StdPeriph_Driver\SWM181_port.c 0x00000000   Number         0  swm181_port.o ABSOLUTE
    D:\IDE\keil5\pack\Synwit\SWM32_DFP\1.20.3\CSL\SWM181\SWM181_StdPeriph_Driver\SWM181_sleep.c 0x00000000   Number         0  swm181_sleep.o ABSOLUTE
    D:\IDE\keil5\pack\Synwit\SWM32_DFP\1.20.3\CSL\SWM181\SWM181_StdPeriph_Driver\SWM181_timr.c 0x00000000   Number         0  swm181_timr.o ABSOLUTE
    D:\IDE\keil5\pack\Synwit\SWM32_DFP\1.20.3\CSL\SWM181\SWM181_StdPeriph_Driver\SWM181_uart.c 0x00000000   Number         0  swm181_uart.o ABSOLUTE
    D:\IDE\keil5\pack\Synwit\SWM32_DFP\1.20.3\CSL\SWM181\SWM181_StdPeriph_Driver\SWM181_wdt.c 0x00000000   Number         0  swm181_wdt.o ABSOLUTE
    D:\\IDE\\keil5\\pack\\Synwit\\SWM32_DFP\\1.20.3\\CSL\\SWM181\\SWM181_StdPeriph_Driver\\SWM181_cache.c 0x00000000   Number         0  swm181_cache.o ABSOLUTE
    D:\\IDE\\keil5\\pack\\Synwit\\SWM32_DFP\\1.20.3\\CSL\\SWM181\\SWM181_StdPeriph_Driver\\SWM181_dma.c 0x00000000   Number         0  swm181_dma.o ABSOLUTE
    D:\\IDE\\keil5\\pack\\Synwit\\SWM32_DFP\\1.20.3\\CSL\\SWM181\\SWM181_StdPeriph_Driver\\SWM181_exti.c 0x00000000   Number         0  swm181_exti.o ABSOLUTE
    D:\\IDE\\keil5\\pack\\Synwit\\SWM32_DFP\\1.20.3\\CSL\\SWM181\\SWM181_StdPeriph_Driver\\SWM181_flash.c 0x00000000   Number         0  swm181_flash.o ABSOLUTE
    D:\\IDE\\keil5\\pack\\Synwit\\SWM32_DFP\\1.20.3\\CSL\\SWM181\\SWM181_StdPeriph_Driver\\SWM181_gpio.c 0x00000000   Number         0  swm181_gpio.o ABSOLUTE
    D:\\IDE\\keil5\\pack\\Synwit\\SWM32_DFP\\1.20.3\\CSL\\SWM181\\SWM181_StdPeriph_Driver\\SWM181_irqmux.c 0x00000000   Number         0  swm181_irqmux.o ABSOLUTE
    D:\\IDE\\keil5\\pack\\Synwit\\SWM32_DFP\\1.20.3\\CSL\\SWM181\\SWM181_StdPeriph_Driver\\SWM181_port.c 0x00000000   Number         0  swm181_port.o ABSOLUTE
    D:\\IDE\\keil5\\pack\\Synwit\\SWM32_DFP\\1.20.3\\CSL\\SWM181\\SWM181_StdPeriph_Driver\\SWM181_sleep.c 0x00000000   Number         0  swm181_sleep.o ABSOLUTE
    D:\\IDE\\keil5\\pack\\Synwit\\SWM32_DFP\\1.20.3\\CSL\\SWM181\\SWM181_StdPeriph_Driver\\SWM181_timr.c 0x00000000   Number         0  swm181_timr.o ABSOLUTE
    D:\\IDE\\keil5\\pack\\Synwit\\SWM32_DFP\\1.20.3\\CSL\\SWM181\\SWM181_StdPeriph_Driver\\SWM181_uart.c 0x00000000   Number         0  swm181_uart.o ABSOLUTE
    D:\\IDE\\keil5\\pack\\Synwit\\SWM32_DFP\\1.20.3\\CSL\\SWM181\\SWM181_StdPeriph_Driver\\SWM181_wdt.c 0x00000000   Number         0  swm181_wdt.o ABSOLUTE
    RTE\Device\SWM181xC\startup_SWM181.s     0x00000000   Number         0  startup_swm181.o ABSOLUTE
    RTE\Device\SWM181xC\system_SWM181.c      0x00000000   Number         0  system_swm181.o ABSOLUTE
    RTE\\Device\\SWM181xC\\system_SWM181.c   0x00000000   Number         0  system_swm181.o ABSOLUTE
    dc.s                                     0x00000000   Number         0  dc.o ABSOLUTE
    handlers.s                               0x00000000   Number         0  handlers.o ABSOLUTE
    init.s                                   0x00000000   Number         0  init.o ABSOLUTE
    .ARM.Collect$$$$00000000                 0x000000c8   Section        0  entry.o(.ARM.Collect$$$$00000000)
    .ARM.Collect$$$$00000001                 0x000000c8   Section        4  entry2.o(.ARM.Collect$$$$00000001)
    .ARM.Collect$$$$00000004                 0x000000cc   Section        4  entry5.o(.ARM.Collect$$$$00000004)
    .ARM.Collect$$$$00000008                 0x000000d0   Section        0  entry7b.o(.ARM.Collect$$$$00000008)
    .ARM.Collect$$$$0000000A                 0x000000d0   Section        0  entry8b.o(.ARM.Collect$$$$0000000A)
    .ARM.Collect$$$$0000000B                 0x000000d0   Section        8  entry9a.o(.ARM.Collect$$$$0000000B)
    .ARM.Collect$$$$0000000E                 0x000000d8   Section        4  entry12b.o(.ARM.Collect$$$$0000000E)
    .ARM.Collect$$$$0000000F                 0x000000dc   Section        0  entry10a.o(.ARM.Collect$$$$0000000F)
    .ARM.Collect$$$$00000011                 0x000000dc   Section        0  entry11a.o(.ARM.Collect$$$$00000011)
    .ARM.Collect$$$$00002712                 0x000000dc   Section        4  entry2.o(.ARM.Collect$$$$00002712)
    __lit__00000000                          0x000000dc   Data           4  entry2.o(.ARM.Collect$$$$00002712)
    .text                                    0x000000e0   Section       80  startup_swm181.o(.text)
    .text                                    0x00000130   Section        0  uidiv.o(.text)
    .text                                    0x0000015c   Section        0  idiv.o(.text)
    .text                                    0x00000184   Section        0  memcpya.o(.text)
    .text                                    0x000001a8   Section        0  memseta.o(.text)
    .text                                    0x000001cc   Section        0  strcpy.o(.text)
    .text                                    0x000001de   Section        0  uread4.o(.text)
    .text                                    0x000001f2   Section        0  uwrite4.o(.text)
    .text                                    0x00000204   Section       36  init.o(.text)
    i.CACHE_Invalid                          0x00000228   Section        0  swm181_cache.o(i.CACHE_Invalid)
    i.EXTI_Clear                             0x0000026c   Section        0  swm181_exti.o(i.EXTI_Clear)
    i.EXTI_Close                             0x00000274   Section        0  swm181_exti.o(i.EXTI_Close)
    i.EXTI_Init                              0x00000280   Section        0  swm181_exti.o(i.EXTI_Init)
    i.EXTI_Open                              0x0000030a   Section        0  swm181_exti.o(i.EXTI_Open)
    i.EXTI_State                             0x00000316   Section        0  swm181_exti.o(i.EXTI_State)
    i.FLASH_Erase                            0x00000324   Section        0  swm181_flash.o(i.FLASH_Erase)
    i.FLASH_Read                             0x00000358   Section        0  swm181_flash.o(i.FLASH_Read)
    i.FLASH_Write                            0x000003e0   Section        0  swm181_flash.o(i.FLASH_Write)
    i.GPIO_ClrBit                            0x00000420   Section        0  swm181_gpio.o(i.GPIO_ClrBit)
    i.GPIO_GetBit                            0x0000042c   Section        0  swm181_gpio.o(i.GPIO_GetBit)
    i.GPIO_Init                              0x00000438   Section        0  swm181_gpio.o(i.GPIO_Init)
    i.GPIO_InvBit                            0x00000590   Section        0  swm181_gpio.o(i.GPIO_InvBit)
    i.GPIO_SetBit                            0x0000059c   Section        0  swm181_gpio.o(i.GPIO_SetBit)
    i.IRQ0_Handler                           0x000005a8   Section        0  swm_it.o(i.IRQ0_Handler)
    i.IRQ10_Handler                          0x00000690   Section        0  swm_it.o(i.IRQ10_Handler)
    i.IRQ11_Handler                          0x000006d8   Section        0  swm_it.o(i.IRQ11_Handler)
    i.IRQ12_Handler                          0x00000744   Section        0  swm_it.o(i.IRQ12_Handler)
    i.IRQ1_Handler                           0x000007c0   Section        0  swm_it.o(i.IRQ1_Handler)
    i.IRQ28_Handler                          0x00000888   Section        0  swm_it.o(i.IRQ28_Handler)
    i.IRQ29_Handler                          0x00000958   Section        0  swm_it.o(i.IRQ29_Handler)
    i.IRQ2_Handler                           0x000009f0   Section        0  swm_it.o(i.IRQ2_Handler)
    i.IRQ3_Handler                           0x00000ab8   Section        0  swm_it.o(i.IRQ3_Handler)
    i.IRQ4_Handler                           0x00000b88   Section        0  swm_it.o(i.IRQ4_Handler)
    i.IRQ5_Handler                           0x00000c58   Section        0  swm_it.o(i.IRQ5_Handler)
    i.IRQ6_Handler                           0x00000d28   Section        0  swm_it.o(i.IRQ6_Handler)
    i.IRQ7_Handler                           0x00000df8   Section        0  swm_it.o(i.IRQ7_Handler)
    i.IRQ8_Handler                           0x00000ec8   Section        0  swm_it.o(i.IRQ8_Handler)
    i.IRQ9_Handler                           0x00000f98   Section        0  swm_it.o(i.IRQ9_Handler)
    i.IRQ_Connect                            0x00001068   Section        0  swm181_irqmux.o(i.IRQ_Connect)
    i.IR_EXTI_Init                           0x000010fc   Section        0  infrared_ray_check.o(i.IR_EXTI_Init)
    IR_EXTI_Init                             0x000010fd   Thumb Code    44  infrared_ray_check.o(i.IR_EXTI_Init)
    i.IR_GPIO_Init                           0x0000112c   Section        0  infrared_ray_check.o(i.IR_GPIO_Init)
    IR_GPIO_Init                             0x0000112d   Thumb Code    58  infrared_ray_check.o(i.IR_GPIO_Init)
    i.PORT_Init                              0x00001170   Section        0  swm181_port.o(i.PORT_Init)
    i.SEGGER_RTT_Init                        0x00001420   Section        0  segger_rtt.o(i.SEGGER_RTT_Init)
    i.SEGGER_RTT_Write                       0x00001438   Section        0  segger_rtt.o(i.SEGGER_RTT_Write)
    i.SEGGER_RTT_WriteNoLock                 0x00001468   Section        0  segger_rtt.o(i.SEGGER_RTT_WriteNoLock)
    i.SEGGER_RTT_printf                      0x000014ec   Section        0  segger_rtt_printf.o(i.SEGGER_RTT_printf)
    i.SEGGER_RTT_vprintf                     0x00001508   Section        0  segger_rtt_printf.o(i.SEGGER_RTT_vprintf)
    i.SysTick_Handler                        0x00001720   Section        0  swm_it.o(i.SysTick_Handler)
    i.SystemCoreClockUpdate                  0x0000175c   Section        0  system_swm181.o(i.SystemCoreClockUpdate)
    i.SystemInit                             0x000017e4   Section        0  system_swm181.o(i.SystemInit)
    i.TIMR_INTClr                            0x000018b0   Section        0  swm181_timr.o(i.TIMR_INTClr)
    i.TIMR_INTStat                           0x000018f4   Section        0  swm181_timr.o(i.TIMR_INTStat)
    i.TIMR_Init                              0x00001948   Section        0  swm181_timr.o(i.TIMR_Init)
    i.TIMR_Start                             0x00001a1c   Section        0  swm181_timr.o(i.TIMR_Start)
    i.TIMR_Stop                              0x00001a26   Section        0  swm181_timr.o(i.TIMR_Stop)
    i.UART_Close                             0x00001a30   Section        0  swm181_uart.o(i.UART_Close)
    i.UART_INTRXThresholdStat                0x00001a3c   Section        0  swm181_uart.o(i.UART_INTRXThresholdStat)
    i.UART_INTTimeoutEn                      0x00001a4a   Section        0  swm181_uart.o(i.UART_INTTimeoutEn)
    i.UART_INTTimeoutStat                    0x00001a56   Section        0  swm181_uart.o(i.UART_INTTimeoutStat)
    i.UART_Init                              0x00001a64   Section        0  swm181_uart.o(i.UART_Init)
    i.UART_IsRXFIFOEmpty                     0x00001b70   Section        0  swm181_uart.o(i.UART_IsRXFIFOEmpty)
    i.UART_IsTXBusy                          0x00001b7c   Section        0  swm181_uart.o(i.UART_IsTXBusy)
    i.UART_Open                              0x00001b8a   Section        0  swm181_uart.o(i.UART_Open)
    i.UART_ReadByte                          0x00001b96   Section        0  swm181_uart.o(i.UART_ReadByte)
    i.UART_WriteByte                         0x00001bb2   Section        0  swm181_uart.o(i.UART_WriteByte)
    i._DoInit                                0x00001bb8   Section        0  segger_rtt.o(i._DoInit)
    _DoInit                                  0x00001bb9   Thumb Code    74  segger_rtt.o(i._DoInit)
    i._GetAvailWriteSpace                    0x00001c28   Section        0  segger_rtt.o(i._GetAvailWriteSpace)
    _GetAvailWriteSpace                      0x00001c29   Thumb Code    28  segger_rtt.o(i._GetAvailWriteSpace)
    i._PrintInt                              0x00001c44   Section        0  segger_rtt_printf.o(i._PrintInt)
    _PrintInt                                0x00001c45   Thumb Code   270  segger_rtt_printf.o(i._PrintInt)
    i._PrintUnsigned                         0x00001d54   Section        0  segger_rtt_printf.o(i._PrintUnsigned)
    _PrintUnsigned                           0x00001d55   Thumb Code   280  segger_rtt_printf.o(i._PrintUnsigned)
    i._StoreChar                             0x00001e70   Section        0  segger_rtt_printf.o(i._StoreChar)
    _StoreChar                               0x00001e71   Thumb Code    68  segger_rtt_printf.o(i._StoreChar)
    i._WriteBlocking                         0x00001eb4   Section        0  segger_rtt.o(i._WriteBlocking)
    _WriteBlocking                           0x00001eb5   Thumb Code   122  segger_rtt.o(i._WriteBlocking)
    i._WriteNoCheck                          0x00001f2e   Section        0  segger_rtt.o(i._WriteNoCheck)
    _WriteNoCheck                            0x00001f2f   Thumb Code    74  segger_rtt.o(i._WriteNoCheck)
    i.__ARM_common_switch8                   0x00001f78   Section        0  main.o(i.__ARM_common_switch8)
    i.__NVIC_DisableIRQ                      0x00001f94   Section        0  rs485.o(i.__NVIC_DisableIRQ)
    __NVIC_DisableIRQ                        0x00001f95   Thumb Code    26  rs485.o(i.__NVIC_DisableIRQ)
    i.__NVIC_EnableIRQ                       0x00001fb4   Section        0  rs485.o(i.__NVIC_EnableIRQ)
    __NVIC_EnableIRQ                         0x00001fb5   Thumb Code    26  rs485.o(i.__NVIC_EnableIRQ)
    i.__NVIC_SetPriority                     0x00001fd4   Section        0  tick.o(i.__NVIC_SetPriority)
    __NVIC_SetPriority                       0x00001fd5   Thumb Code   110  tick.o(i.__NVIC_SetPriority)
    i.__NVIC_SetPriority                     0x0000204c   Section        0  swm181_irqmux.o(i.__NVIC_SetPriority)
    __NVIC_SetPriority                       0x0000204d   Thumb Code   110  swm181_irqmux.o(i.__NVIC_SetPriority)
    i.__scatterload_copy                     0x000020c4   Section       14  handlers.o(i.__scatterload_copy)
    i.__scatterload_null                     0x000020d2   Section        2  handlers.o(i.__scatterload_null)
    i.__scatterload_zeroinit                 0x000020d4   Section       14  handlers.o(i.__scatterload_zeroinit)
    i.ask_ambient                            0x000020e4   Section        0  ambient.o(i.ask_ambient)
    i.board_init                             0x00002108   Section        0  main.o(i.board_init)
    board_init                               0x00002109   Thumb Code    88  main.o(i.board_init)
    i.check_ir                               0x00002170   Section        0  motor_driver.o(i.check_ir)
    check_ir                                 0x00002171   Thumb Code    64  motor_driver.o(i.check_ir)
    i.check_motor                            0x000021c0   Section        0  motor_driver.o(i.check_motor)
    check_motor                              0x000021c1   Thumb Code   392  motor_driver.o(i.check_motor)
    i.check_xy                               0x00002374   Section        0  motor_driver.o(i.check_xy)
    check_xy                                 0x00002375   Thumb Code    26  motor_driver.o(i.check_xy)
    i.clear_current_channel                  0x00002390   Section        0  motor_driver.o(i.clear_current_channel)
    i.clear_uart_fifo                        0x0000239c   Section        0  uart.o(i.clear_uart_fifo)
    i.crc16encode                            0x00002430   Section        0  vm.o(i.crc16encode)
    i.current_channel_updata                 0x00002478   Section        0  motor_driver.o(i.current_channel_updata)
    current_channel_updata                   0x00002479   Thumb Code    24  motor_driver.o(i.current_channel_updata)
    i.delay_ntick                            0x00002494   Section        0  tick.o(i.delay_ntick)
    i.drive_address_config                   0x000024b8   Section        0  address.o(i.drive_address_config)
    i.fb_cnt_clear                           0x00002528   Section        0  motor_driver.o(i.fb_cnt_clear)
    i.fb_cnt_clear_all                       0x000025bc   Section        0  motor_driver.o(i.fb_cnt_clear_all)
    i.fb_cnt_get                             0x00002610   Section        0  motor_driver.o(i.fb_cnt_get)
    i.fb_cnt_set                             0x00002694   Section        0  motor_driver.o(i.fb_cnt_set)
    i.fb_cnt_updata                          0x000026a0   Section        0  motor_driver.o(i.fb_cnt_updata)
    i.fb_electromagnet_action                0x0000275c   Section        0  motor_driver.o(i.fb_electromagnet_action)
    i.fb_exti_cnt_get                        0x0000282c   Section        0  motor_driver.o(i.fb_exti_cnt_get)
    i.fb_motor_on                            0x00002838   Section        0  motor_driver.o(i.fb_motor_on)
    i.fb_motor_output                        0x00002988   Section        0  vm.o(i.fb_motor_output)
    fb_motor_output                          0x00002989   Thumb Code    22  vm.o(i.fb_motor_output)
    i.frame_check                            0x000029a8   Section        0  vm.o(i.frame_check)
    i.frame_default                          0x00002a00   Section        0  vm.o(i.frame_default)
    i.get_current_channel                    0x00002a3c   Section        0  motor_driver.o(i.get_current_channel)
    i.get_driver_address                     0x00002a48   Section        0  address.o(i.get_driver_address)
    i.get_tick                               0x00002a58   Section        0  tick.o(i.get_tick)
    i.get_x_num                              0x00002a64   Section        0  motor_driver.o(i.get_x_num)
    get_x_num                                0x00002a65   Thumb Code    48  motor_driver.o(i.get_x_num)
    i.get_y_num                              0x00002a94   Section        0  motor_driver.o(i.get_y_num)
    get_y_num                                0x00002a95   Thumb Code    66  motor_driver.o(i.get_y_num)
    i.hw_timr_ir_init                        0x00002ad8   Section        0  timer.o(i.hw_timr_ir_init)
    i.hw_timr_motor_init                     0x00002b54   Section        0  timer.o(i.hw_timr_motor_init)
    i.ir_check_init                          0x00002bd0   Section        0  infrared_ray_check.o(i.ir_check_init)
    i.ir_cnt_clear                           0x00002bdc   Section        0  infrared_ray_check.o(i.ir_cnt_clear)
    i.ir_cnt_get                             0x00002be8   Section        0  infrared_ray_check.o(i.ir_cnt_get)
    i.ir_cnt_updata                          0x00002bf4   Section        0  infrared_ray_check.o(i.ir_cnt_updata)
    i.led_init                               0x00002c04   Section        0  led.o(i.led_init)
    i.load_free_buys                         0x00002c28   Section        0  motor_driver.o(i.load_free_buys)
    i.load_set_buys                          0x00002c34   Section        0  motor_driver.o(i.load_set_buys)
    i.load_status_get                        0x00002c40   Section        0  motor_driver.o(i.load_status_get)
    i.lock_io_Init                           0x00002c4c   Section        0  lock.o(i.lock_io_Init)
    i.main                                   0x00002c84   Section        0  main.o(i.main)
    i.modification_address                   0x00002ce4   Section        0  address.o(i.modification_address)
    i.motor_driver_io_init                   0x00002d34   Section        0  motor_driver.o(i.motor_driver_io_init)
    motor_driver_io_init                     0x00002d35   Thumb Code   132  motor_driver.o(i.motor_driver_io_init)
    i.motor_fb_exti_disable                  0x00002dbc   Section        0  motor_driver.o(i.motor_fb_exti_disable)
    i.motor_fb_exti_enable                   0x00002dec   Section        0  motor_driver.o(i.motor_fb_exti_enable)
    i.motor_fb_exti_init                     0x00002e1c   Section        0  motor_driver.o(i.motor_fb_exti_init)
    motor_fb_exti_init                       0x00002e1d   Thumb Code   164  motor_driver.o(i.motor_fb_exti_init)
    i.motor_fb_io_init                       0x00002ec4   Section        0  motor_driver.o(i.motor_fb_io_init)
    motor_fb_io_init                         0x00002ec5   Thumb Code    50  motor_driver.o(i.motor_fb_io_init)
    i.motor_init                             0x00002efc   Section        0  motor_driver.o(i.motor_init)
    i.motor_off                              0x00002f0c   Section        0  motor_driver.o(i.motor_off)
    i.mymemcpy                               0x00002f8c   Section        0  malloc.o(i.mymemcpy)
    i.mymemset                               0x00002fa6   Section        0  malloc.o(i.mymemset)
    i.nfb_electromagnet_action               0x00002fbc   Section        0  motor_driver.o(i.nfb_electromagnet_action)
    i.open_the_door                          0x0000309c   Section        0  lock.o(i.open_the_door)
    i.output                                 0x000030d4   Section        0  vm.o(i.output)
    output                                   0x000030d5   Thumb Code   124  vm.o(i.output)
    i.read_fb_channel_status                 0x000031b4   Section        0  motor_driver.o(i.read_fb_channel_status)
    i.rs485_ch1_recv                         0x000031d8   Section        0  vm.o(i.rs485_ch1_recv)
    i.rs485_ch1_reply                        0x00003408   Section        0  vm.o(i.rs485_ch1_reply)
    i.rs485_ch2_recv                         0x0000380c   Section        0  ambient.o(i.rs485_ch2_recv)
    i.rs485_channel1_clear_buffer            0x00003894   Section        0  rs485.o(i.rs485_channel1_clear_buffer)
    i.rs485_channel1_config                  0x000038bc   Section        0  rs485.o(i.rs485_channel1_config)
    i.rs485_channel1_get_buffer              0x000038f8   Section        0  rs485.o(i.rs485_channel1_get_buffer)
    i.rs485_channel1_send                    0x00003940   Section        0  rs485.o(i.rs485_channel1_send)
    i.rs485_channel2_config                  0x0000396c   Section        0  rs485.o(i.rs485_channel2_config)
    i.rs485_channel2_get_buffer              0x000039a8   Section        0  rs485.o(i.rs485_channel2_get_buffer)
    i.rs485_channel2_send                    0x000039e4   Section        0  rs485.o(i.rs485_channel2_send)
    i.switchToRC12MHz                        0x00003a10   Section        0  system_swm181.o(i.switchToRC12MHz)
    switchToRC12MHz                          0x00003a11   Thumb Code    34  system_swm181.o(i.switchToRC12MHz)
    i.switchToRC24MHz                        0x00003a38   Section        0  system_swm181.o(i.switchToRC24MHz)
    switchToRC24MHz                          0x00003a39   Thumb Code    32  system_swm181.o(i.switchToRC24MHz)
    i.switchToRC32KHz                        0x00003a5c   Section        0  system_swm181.o(i.switchToRC32KHz)
    switchToRC32KHz                          0x00003a5d   Thumb Code    34  system_swm181.o(i.switchToRC32KHz)
    i.switchToRC48MHz                        0x00003a84   Section        0  system_swm181.o(i.switchToRC48MHz)
    switchToRC48MHz                          0x00003a85   Thumb Code    34  system_swm181.o(i.switchToRC48MHz)
    i.switchToRC6MHz                         0x00003aac   Section        0  system_swm181.o(i.switchToRC6MHz)
    switchToRC6MHz                           0x00003aad   Thumb Code    32  system_swm181.o(i.switchToRC6MHz)
    i.switchToXTAL                           0x00003ad0   Section        0  system_swm181.o(i.switchToXTAL)
    switchToXTAL                             0x00003ad1   Thumb Code    72  system_swm181.o(i.switchToXTAL)
    i.system_tick_init                       0x00003b24   Section        0  tick.o(i.system_tick_init)
    i.tick_reset                             0x00003b64   Section        0  tick.o(i.tick_reset)
    i.tick_updata                            0x00003b70   Section        0  tick.o(i.tick_updata)
    i.uart_init                              0x00003b80   Section        0  uart.o(i.uart_init)
    i.uart_send                              0x00003c44   Section        0  uart.o(i.uart_send)
    i.vm_elock                               0x00003c70   Section        0  vm.o(i.vm_elock)
    vm_elock                                 0x00003c71   Thumb Code    54  vm.o(i.vm_elock)
    i.wait_ir_flag_clear                     0x00003cb8   Section        0  infrared_ray_check.o(i.wait_ir_flag_clear)
    i.wait_ir_flag_get                       0x00003cc4   Section        0  infrared_ray_check.o(i.wait_ir_flag_get)
    i.wait_ir_flag_set                       0x00003cd0   Section        0  infrared_ray_check.o(i.wait_ir_flag_set)
    i.write_frame_checkcode                  0x00003cdc   Section        0  vm.o(i.write_frame_checkcode)
    .constdata                               0x00003cf0   Section        8  ambient.o(.constdata)
    .constdata                               0x00003cf8   Section      264  motor_driver.o(.constdata)
    motorDrive_tab                           0x00003cf8   Data         264  motor_driver.o(.constdata)
    .constdata                               0x00003e00   Section       16  segger_rtt_printf.o(.constdata)
    _aV2C                                    0x00003e00   Data          16  segger_rtt_printf.o(.constdata)
    .conststring                             0x00003e10   Section      143  vm.o(.conststring)
    .data                                    0x20000000   Section       11  vm.o(.data)
    .data                                    0x2000000c   Section        8  swm_it.o(.data)
    .data                                    0x20000014   Section        1  ambient.o(.data)
    .data                                    0x20000018   Section        4  tick.o(.data)
    .data                                    0x2000001c   Section       13  motor_driver.o(.data)
    load_stat                                0x2000001c   Data           1  motor_driver.o(.data)
    fb_count_Y1                              0x2000001d   Data           1  motor_driver.o(.data)
    fb_count_Y2                              0x2000001e   Data           1  motor_driver.o(.data)
    fb_count_Y3                              0x2000001f   Data           1  motor_driver.o(.data)
    fb_count_Y4                              0x20000020   Data           1  motor_driver.o(.data)
    fb_count_Y5                              0x20000021   Data           1  motor_driver.o(.data)
    fb_count_Y6                              0x20000022   Data           1  motor_driver.o(.data)
    fb_count_Y7                              0x20000023   Data           1  motor_driver.o(.data)
    fb_count_Y8                              0x20000024   Data           1  motor_driver.o(.data)
    fb_count_Y9                              0x20000025   Data           1  motor_driver.o(.data)
    fb_count_Y10                             0x20000026   Data           1  motor_driver.o(.data)
    fb_exti_cnt                              0x20000027   Data           1  motor_driver.o(.data)
    current_num                              0x20000028   Data           1  motor_driver.o(.data)
    .data                                    0x2000002c   Section       12  rs485.o(.data)
    .data                                    0x20000038   Section        2  infrared_ray_check.o(.data)
    ir_count                                 0x20000038   Data           1  infrared_ray_check.o(.data)
    wait_ir_timeout_flag                     0x20000039   Data           1  infrared_ray_check.o(.data)
    .data                                    0x2000003a   Section        8  address.o(.data)
    .data                                    0x20000044   Section        4  swm181_flash.o(.data)
    .data                                    0x20000048   Section        8  system_swm181.o(.data)
    .bss                                     0x20000050   Section       18  main.o(.bss)
    vm_data_hello                            0x20000050   Data          18  main.o(.bss)
    .bss                                     0x20000062   Section       18  vm.o(.bss)
    .bss                                     0x20000074   Section        9  ambient.o(.bss)
    .bss                                     0x2000007d   Section       50  rs485.o(.bss)
    .bss                                     0x200000b0   Section     1160  segger_rtt.o(.bss)
    _acUpBuffer                              0x200000b0   Data        1024  segger_rtt.o(.bss)
    _acDownBuffer                            0x200004b0   Data          16  segger_rtt.o(.bss)
    STACK                                    0x20000538   Section     2304  startup_swm181.o(STACK)
    Stack_Mem                                0x20000538   Data        2304  startup_swm181.o(STACK)

    Global Symbols

    Symbol Name                              Value     Ov Type        Size  Object(Section)

    BuildAttributes$$THM_ISAv3M$S$PE$A:L22$X:L11$S22$IEEE1$IW$USESV6$~STKCKD$USESV7$~SHL$OSPACE$EBA8$MICROLIB$REQ8$EABIv2 0x00000000   Number         0  anon$$obj.o ABSOLUTE
    __ARM_use_no_argv                        0x00000000   Number         0  main.o ABSOLUTE
    __Vectors                                0x00000000   Data           4  startup_swm181.o(RESET)
    __arm_fini_                               - Undefined Weak Reference
    __cpp_initialize__aeabi_                  - Undefined Weak Reference
    __cxa_finalize                            - Undefined Weak Reference
    __decompress                              - Undefined Weak Reference
    _clock_init                               - Undefined Weak Reference
    _microlib_exit                            - Undefined Weak Reference
    Reset_Handler                            0x000000c1   Thumb Code     4  startup_swm181.o(RESET)
    __Vectors_End                            0x000000c1   Thumb Code     0  startup_swm181.o(RESET)
    __Vectors_Size                           0x000000c0   Number         0  startup_swm181.o ABSOLUTE
    __main                                   0x000000c9   Thumb Code     0  entry.o(.ARM.Collect$$$$00000000)
    _main_stk                                0x000000c9   Thumb Code     0  entry2.o(.ARM.Collect$$$$00000001)
    _main_scatterload                        0x000000cd   Thumb Code     0  entry5.o(.ARM.Collect$$$$00000004)
    __main_after_scatterload                 0x000000d1   Thumb Code     0  entry5.o(.ARM.Collect$$$$00000004)
    _main_clock                              0x000000d1   Thumb Code     0  entry7b.o(.ARM.Collect$$$$00000008)
    _main_cpp_init                           0x000000d1   Thumb Code     0  entry8b.o(.ARM.Collect$$$$0000000A)
    _main_init                               0x000000d1   Thumb Code     0  entry9a.o(.ARM.Collect$$$$0000000B)
    __rt_lib_shutdown_fini                   0x000000d9   Thumb Code     0  entry12b.o(.ARM.Collect$$$$0000000E)
    __rt_final_cpp                           0x000000dd   Thumb Code     0  entry10a.o(.ARM.Collect$$$$0000000F)
    __rt_final_exit                          0x000000dd   Thumb Code     0  entry11a.o(.ARM.Collect$$$$00000011)
    NMI_Handler                              0x000000e1   Thumb Code     2  startup_swm181.o(.text)
    HardFault_Handler                        0x000000e3   Thumb Code     2  startup_swm181.o(.text)
    SVC_Handler                              0x000000e5   Thumb Code     2  startup_swm181.o(.text)
    PendSV_Handler                           0x000000e7   Thumb Code     2  startup_swm181.o(.text)
    IRQ13_Handler                            0x00000105   Thumb Code     2  startup_swm181.o(.text)
    IRQ14_Handler                            0x00000107   Thumb Code     2  startup_swm181.o(.text)
    IRQ15_Handler                            0x00000109   Thumb Code     2  startup_swm181.o(.text)
    IRQ16_Handler                            0x0000010b   Thumb Code     2  startup_swm181.o(.text)
    IRQ17_Handler                            0x0000010d   Thumb Code     2  startup_swm181.o(.text)
    IRQ18_Handler                            0x0000010f   Thumb Code     2  startup_swm181.o(.text)
    IRQ19_Handler                            0x00000111   Thumb Code     2  startup_swm181.o(.text)
    IRQ20_Handler                            0x00000113   Thumb Code     2  startup_swm181.o(.text)
    IRQ21_Handler                            0x00000115   Thumb Code     2  startup_swm181.o(.text)
    IRQ22_Handler                            0x00000117   Thumb Code     2  startup_swm181.o(.text)
    IRQ23_Handler                            0x00000119   Thumb Code     2  startup_swm181.o(.text)
    IRQ24_Handler                            0x0000011b   Thumb Code     2  startup_swm181.o(.text)
    IRQ25_Handler                            0x0000011d   Thumb Code     2  startup_swm181.o(.text)
    IRQ26_Handler                            0x0000011f   Thumb Code     2  startup_swm181.o(.text)
    IRQ27_Handler                            0x00000121   Thumb Code     2  startup_swm181.o(.text)
    IRQ30_Handler                            0x0000012b   Thumb Code     2  startup_swm181.o(.text)
    IRQ31_Handler                            0x0000012d   Thumb Code     2  startup_swm181.o(.text)
    __aeabi_uidiv                            0x00000131   Thumb Code     0  uidiv.o(.text)
    __aeabi_uidivmod                         0x00000131   Thumb Code    44  uidiv.o(.text)
    __aeabi_idiv                             0x0000015d   Thumb Code     0  idiv.o(.text)
    __aeabi_idivmod                          0x0000015d   Thumb Code    40  idiv.o(.text)
    __aeabi_memcpy                           0x00000185   Thumb Code    36  memcpya.o(.text)
    __aeabi_memcpy4                          0x00000185   Thumb Code     0  memcpya.o(.text)
    __aeabi_memcpy8                          0x00000185   Thumb Code     0  memcpya.o(.text)
    __aeabi_memset                           0x000001a9   Thumb Code    14  memseta.o(.text)
    __aeabi_memset4                          0x000001a9   Thumb Code     0  memseta.o(.text)
    __aeabi_memset8                          0x000001a9   Thumb Code     0  memseta.o(.text)
    __aeabi_memclr                           0x000001b7   Thumb Code     4  memseta.o(.text)
    __aeabi_memclr4                          0x000001b7   Thumb Code     0  memseta.o(.text)
    __aeabi_memclr8                          0x000001b7   Thumb Code     0  memseta.o(.text)
    _memset$wrapper                          0x000001bb   Thumb Code    18  memseta.o(.text)
    strcpy                                   0x000001cd   Thumb Code    18  strcpy.o(.text)
    __aeabi_uread4                           0x000001df   Thumb Code    20  uread4.o(.text)
    __rt_uread4                              0x000001df   Thumb Code     0  uread4.o(.text)
    _uread4                                  0x000001df   Thumb Code     0  uread4.o(.text)
    __aeabi_uwrite4                          0x000001f3   Thumb Code    18  uwrite4.o(.text)
    __rt_uwrite4                             0x000001f3   Thumb Code     0  uwrite4.o(.text)
    _uwrite4                                 0x000001f3   Thumb Code     0  uwrite4.o(.text)
    __scatterload                            0x00000205   Thumb Code    28  init.o(.text)
    __scatterload_rt2                        0x00000205   Thumb Code     0  init.o(.text)
    CACHE_Invalid                            0x00000229   Thumb Code    64  swm181_cache.o(i.CACHE_Invalid)
    EXTI_Clear                               0x0000026d   Thumb Code     8  swm181_exti.o(i.EXTI_Clear)
    EXTI_Close                               0x00000275   Thumb Code    12  swm181_exti.o(i.EXTI_Close)
    EXTI_Init                                0x00000281   Thumb Code   138  swm181_exti.o(i.EXTI_Init)
    EXTI_Open                                0x0000030b   Thumb Code    12  swm181_exti.o(i.EXTI_Open)
    EXTI_State                               0x00000317   Thumb Code    12  swm181_exti.o(i.EXTI_State)
    FLASH_Erase                              0x00000325   Thumb Code    48  swm181_flash.o(i.FLASH_Erase)
    FLASH_Read                               0x00000359   Thumb Code   132  swm181_flash.o(i.FLASH_Read)
    FLASH_Write                              0x000003e1   Thumb Code    58  swm181_flash.o(i.FLASH_Write)
    GPIO_ClrBit                              0x00000421   Thumb Code    12  swm181_gpio.o(i.GPIO_ClrBit)
    GPIO_GetBit                              0x0000042d   Thumb Code    12  swm181_gpio.o(i.GPIO_GetBit)
    GPIO_Init                                0x00000439   Thumb Code   332  swm181_gpio.o(i.GPIO_Init)
    GPIO_InvBit                              0x00000591   Thumb Code    12  swm181_gpio.o(i.GPIO_InvBit)
    GPIO_SetBit                              0x0000059d   Thumb Code    12  swm181_gpio.o(i.GPIO_SetBit)
    IRQ0_Handler                             0x000005a9   Thumb Code   180  swm_it.o(i.IRQ0_Handler)
    IRQ10_Handler                            0x00000691   Thumb Code    54  swm_it.o(i.IRQ10_Handler)
    IRQ11_Handler                            0x000006d9   Thumb Code    72  swm_it.o(i.IRQ11_Handler)
    IRQ12_Handler                            0x00000745   Thumb Code    92  swm_it.o(i.IRQ12_Handler)
    IRQ1_Handler                             0x000007c1   Thumb Code   164  swm_it.o(i.IRQ1_Handler)
    IRQ28_Handler                            0x00000889   Thumb Code   174  swm_it.o(i.IRQ28_Handler)
    IRQ29_Handler                            0x00000959   Thumb Code   136  swm_it.o(i.IRQ29_Handler)
    IRQ2_Handler                             0x000009f1   Thumb Code   162  swm_it.o(i.IRQ2_Handler)
    IRQ3_Handler                             0x00000ab9   Thumb Code   170  swm_it.o(i.IRQ3_Handler)
    IRQ4_Handler                             0x00000b89   Thumb Code   170  swm_it.o(i.IRQ4_Handler)
    IRQ5_Handler                             0x00000c59   Thumb Code   170  swm_it.o(i.IRQ5_Handler)
    IRQ6_Handler                             0x00000d29   Thumb Code   170  swm_it.o(i.IRQ6_Handler)
    IRQ7_Handler                             0x00000df9   Thumb Code   170  swm_it.o(i.IRQ7_Handler)
    IRQ8_Handler                             0x00000ec9   Thumb Code   170  swm_it.o(i.IRQ8_Handler)
    IRQ9_Handler                             0x00000f99   Thumb Code   170  swm_it.o(i.IRQ9_Handler)
    IRQ_Connect                              0x00001069   Thumb Code   142  swm181_irqmux.o(i.IRQ_Connect)
    PORT_Init                                0x00001171   Thumb Code   678  swm181_port.o(i.PORT_Init)
    SEGGER_RTT_Init                          0x00001421   Thumb Code    20  segger_rtt.o(i.SEGGER_RTT_Init)
    SEGGER_RTT_Write                         0x00001439   Thumb Code    44  segger_rtt.o(i.SEGGER_RTT_Write)
    SEGGER_RTT_WriteNoLock                   0x00001469   Thumb Code   128  segger_rtt.o(i.SEGGER_RTT_WriteNoLock)
    SEGGER_RTT_printf                        0x000014ed   Thumb Code    28  segger_rtt_printf.o(i.SEGGER_RTT_printf)
    SEGGER_RTT_vprintf                       0x00001509   Thumb Code   536  segger_rtt_printf.o(i.SEGGER_RTT_vprintf)
    SysTick_Handler                          0x00001721   Thumb Code    48  swm_it.o(i.SysTick_Handler)
    SystemCoreClockUpdate                    0x0000175d   Thumb Code   112  system_swm181.o(i.SystemCoreClockUpdate)
    SystemInit                               0x000017e5   Thumb Code   198  system_swm181.o(i.SystemInit)
    TIMR_INTClr                              0x000018b1   Thumb Code    58  swm181_timr.o(i.TIMR_INTClr)
    TIMR_INTStat                             0x000018f5   Thumb Code    74  swm181_timr.o(i.TIMR_INTStat)
    TIMR_Init                                0x00001949   Thumb Code   204  swm181_timr.o(i.TIMR_Init)
    TIMR_Start                               0x00001a1d   Thumb Code    10  swm181_timr.o(i.TIMR_Start)
    TIMR_Stop                                0x00001a27   Thumb Code    10  swm181_timr.o(i.TIMR_Stop)
    UART_Close                               0x00001a31   Thumb Code    12  swm181_uart.o(i.UART_Close)
    UART_INTRXThresholdStat                  0x00001a3d   Thumb Code    14  swm181_uart.o(i.UART_INTRXThresholdStat)
    UART_INTTimeoutEn                        0x00001a4b   Thumb Code    12  swm181_uart.o(i.UART_INTTimeoutEn)
    UART_INTTimeoutStat                      0x00001a57   Thumb Code    14  swm181_uart.o(i.UART_INTTimeoutStat)
    UART_Init                                0x00001a65   Thumb Code   254  swm181_uart.o(i.UART_Init)
    UART_IsRXFIFOEmpty                       0x00001b71   Thumb Code    12  swm181_uart.o(i.UART_IsRXFIFOEmpty)
    UART_IsTXBusy                            0x00001b7d   Thumb Code    14  swm181_uart.o(i.UART_IsTXBusy)
    UART_Open                                0x00001b8b   Thumb Code    12  swm181_uart.o(i.UART_Open)
    UART_ReadByte                            0x00001b97   Thumb Code    28  swm181_uart.o(i.UART_ReadByte)
    UART_WriteByte                           0x00001bb3   Thumb Code     4  swm181_uart.o(i.UART_WriteByte)
    __ARM_common_switch8                     0x00001f79   Thumb Code    28  main.o(i.__ARM_common_switch8)
    __scatterload_copy                       0x000020c5   Thumb Code    14  handlers.o(i.__scatterload_copy)
    __scatterload_null                       0x000020d3   Thumb Code     2  handlers.o(i.__scatterload_null)
    __scatterload_zeroinit                   0x000020d5   Thumb Code    14  handlers.o(i.__scatterload_zeroinit)
    ask_ambient                              0x000020e5   Thumb Code    26  ambient.o(i.ask_ambient)
    clear_current_channel                    0x00002391   Thumb Code     8  motor_driver.o(i.clear_current_channel)
    clear_uart_fifo                          0x0000239d   Thumb Code   132  uart.o(i.clear_uart_fifo)
    crc16encode                              0x00002431   Thumb Code    62  vm.o(i.crc16encode)
    delay_ntick                              0x00002495   Thumb Code    34  tick.o(i.delay_ntick)
    drive_address_config                     0x000024b9   Thumb Code   104  address.o(i.drive_address_config)
    fb_cnt_clear                             0x00002529   Thumb Code   108  motor_driver.o(i.fb_cnt_clear)
    fb_cnt_clear_all                         0x000025bd   Thumb Code    44  motor_driver.o(i.fb_cnt_clear_all)
    fb_cnt_get                               0x00002611   Thumb Code    92  motor_driver.o(i.fb_cnt_get)
    fb_cnt_set                               0x00002695   Thumb Code     6  motor_driver.o(i.fb_cnt_set)
    fb_cnt_updata                            0x000026a1   Thumb Code   148  motor_driver.o(i.fb_cnt_updata)
    fb_electromagnet_action                  0x0000275d   Thumb Code   202  motor_driver.o(i.fb_electromagnet_action)
    fb_exti_cnt_get                          0x0000282d   Thumb Code     6  motor_driver.o(i.fb_exti_cnt_get)
    fb_motor_on                              0x00002839   Thumb Code   232  motor_driver.o(i.fb_motor_on)
    frame_check                              0x000029a9   Thumb Code    78  vm.o(i.frame_check)
    frame_default                            0x00002a01   Thumb Code    52  vm.o(i.frame_default)
    get_current_channel                      0x00002a3d   Thumb Code     6  motor_driver.o(i.get_current_channel)
    get_driver_address                       0x00002a49   Thumb Code    12  address.o(i.get_driver_address)
    get_tick                                 0x00002a59   Thumb Code     6  tick.o(i.get_tick)
    hw_timr_ir_init                          0x00002ad9   Thumb Code   112  timer.o(i.hw_timr_ir_init)
    hw_timr_motor_init                       0x00002b55   Thumb Code   110  timer.o(i.hw_timr_motor_init)
    ir_check_init                            0x00002bd1   Thumb Code    12  infrared_ray_check.o(i.ir_check_init)
    ir_cnt_clear                             0x00002bdd   Thumb Code     8  infrared_ray_check.o(i.ir_cnt_clear)
    ir_cnt_get                               0x00002be9   Thumb Code     6  infrared_ray_check.o(i.ir_cnt_get)
    ir_cnt_updata                            0x00002bf5   Thumb Code    12  infrared_ray_check.o(i.ir_cnt_updata)
    led_init                                 0x00002c05   Thumb Code    30  led.o(i.led_init)
    load_free_buys                           0x00002c29   Thumb Code     8  motor_driver.o(i.load_free_buys)
    load_set_buys                            0x00002c35   Thumb Code     8  motor_driver.o(i.load_set_buys)
    load_status_get                          0x00002c41   Thumb Code     6  motor_driver.o(i.load_status_get)
    lock_io_Init                             0x00002c4d   Thumb Code    48  lock.o(i.lock_io_Init)
    main                                     0x00002c85   Thumb Code    86  main.o(i.main)
    modification_address                     0x00002ce5   Thumb Code    70  address.o(i.modification_address)
    motor_fb_exti_disable                    0x00002dbd   Thumb Code    44  motor_driver.o(i.motor_fb_exti_disable)
    motor_fb_exti_enable                     0x00002ded   Thumb Code    44  motor_driver.o(i.motor_fb_exti_enable)
    motor_init                               0x00002efd   Thumb Code    16  motor_driver.o(i.motor_init)
    motor_off                                0x00002f0d   Thumb Code   124  motor_driver.o(i.motor_off)
    mymemcpy                                 0x00002f8d   Thumb Code    26  malloc.o(i.mymemcpy)
    mymemset                                 0x00002fa7   Thumb Code    20  malloc.o(i.mymemset)
    nfb_electromagnet_action                 0x00002fbd   Thumb Code   218  motor_driver.o(i.nfb_electromagnet_action)
    open_the_door                            0x0000309d   Thumb Code    50  lock.o(i.open_the_door)
    read_fb_channel_status                   0x000031b5   Thumb Code    30  motor_driver.o(i.read_fb_channel_status)
    rs485_ch1_recv                           0x000031d9   Thumb Code   426  vm.o(i.rs485_ch1_recv)
    rs485_ch1_reply                          0x00003409   Thumb Code   798  vm.o(i.rs485_ch1_reply)
    rs485_ch2_recv                           0x0000380d   Thumb Code   124  ambient.o(i.rs485_ch2_recv)
    rs485_channel1_clear_buffer              0x00003895   Thumb Code    26  rs485.o(i.rs485_channel1_clear_buffer)
    rs485_channel1_config                    0x000038bd   Thumb Code    50  rs485.o(i.rs485_channel1_config)
    rs485_channel1_get_buffer                0x000038f9   Thumb Code    64  rs485.o(i.rs485_channel1_get_buffer)
    rs485_channel1_send                      0x00003941   Thumb Code    34  rs485.o(i.rs485_channel1_send)
    rs485_channel2_config                    0x0000396d   Thumb Code    50  rs485.o(i.rs485_channel2_config)
    rs485_channel2_get_buffer                0x000039a9   Thumb Code    50  rs485.o(i.rs485_channel2_get_buffer)
    rs485_channel2_send                      0x000039e5   Thumb Code    34  rs485.o(i.rs485_channel2_send)
    system_tick_init                         0x00003b25   Thumb Code    52  tick.o(i.system_tick_init)
    tick_reset                               0x00003b65   Thumb Code     8  tick.o(i.tick_reset)
    tick_updata                              0x00003b71   Thumb Code    12  tick.o(i.tick_updata)
    uart_init                                0x00003b81   Thumb Code   184  uart.o(i.uart_init)
    uart_send                                0x00003c45   Thumb Code    44  uart.o(i.uart_send)
    wait_ir_flag_clear                       0x00003cb9   Thumb Code     8  infrared_ray_check.o(i.wait_ir_flag_clear)
    wait_ir_flag_get                         0x00003cc5   Thumb Code     6  infrared_ray_check.o(i.wait_ir_flag_get)
    wait_ir_flag_set                         0x00003cd1   Thumb Code     8  infrared_ray_check.o(i.wait_ir_flag_set)
    write_frame_checkcode                    0x00003cdd   Thumb Code    20  vm.o(i.write_frame_checkcode)
    ask_fream                                0x00003cf0   Data           8  ambient.o(.constdata)
    Region$$Table$$Base                      0x00003ea0   Number         0  anon$$obj.o(Region$$Table)
    Region$$Table$$Limit                     0x00003ec0   Number         0  anon$$obj.o(Region$$Table)
    vm_control                               0x20000000   Data           5  vm.o(.data)
    vm_states                                0x20000005   Data           5  vm.o(.data)
    __current_result                         0x2000000a   Data           1  vm.o(.data)
    scan_tick                                0x2000000c   Data           4  swm_it.o(.data)
    led_tick                                 0x20000010   Data           4  swm_it.o(.data)
    __is_ask                                 0x20000014   Data           1  ambient.o(.data)
    tick_cnt                                 0x20000018   Data           4  tick.o(.data)
    __RS485_Ch1_RX_Finish                    0x2000002c   Data           1  rs485.o(.data)
    __RS485_Ch2_RX_Finish                    0x2000002d   Data           1  rs485.o(.data)
    RS485_Ch2_RXIndex                        0x20000030   Data           4  rs485.o(.data)
    RS485_Ch1_RXIndex                        0x20000034   Data           4  rs485.o(.data)
    addr_inf                                 0x2000003a   Data           8  address.o(.data)
    IAPfunc                                  0x20000044   Data           4  swm181_flash.o(.data)
    SystemCoreClock                          0x20000048   Data           4  system_swm181.o(.data)
    CyclesPerUs                              0x2000004c   Data           4  system_swm181.o(.data)
    vm_data_frame                            0x20000062   Data          18  vm.o(.bss)
    modbus_rtu                               0x20000074   Data           9  ambient.o(.bss)
    RS485_Ch2_Buffer                         0x2000007d   Data          32  rs485.o(.bss)
    RS485_Ch1_Buffer                         0x2000009d   Data          18  rs485.o(.bss)
    _SEGGER_RTT                              0x200004c0   Data         120  segger_rtt.o(.bss)
    __initial_sp                             0x20000e38   Data           0  startup_swm181.o(STACK)



==============================================================================

Memory Map of the image

  Image Entry point : 0x000000c9

  Load Region LR_IROM1 (Base: 0x00000000, Size: 0x00003f10, Max: 0x0003e000, ABSOLUTE)

    Execution Region ER_IROM1 (Exec base: 0x00000000, Load base: 0x00000000, Size: 0x00003ec0, Max: 0x0003e000, ABSOLUTE)

    Exec Addr    Load Addr    Size         Type   Attr      Idx    E Section Name        Object

    0x00000000   0x00000000   0x000000c8   Code   RO         1972    RESET               startup_swm181.o
    0x000000c8   0x000000c8   0x00000000   Code   RO         2042  * .ARM.Collect$$$$00000000  mc_p.l(entry.o)
    0x000000c8   0x000000c8   0x00000004   Code   RO         2063    .ARM.Collect$$$$00000001  mc_p.l(entry2.o)
    0x000000cc   0x000000cc   0x00000004   Code   RO         2066    .ARM.Collect$$$$00000004  mc_p.l(entry5.o)
    0x000000d0   0x000000d0   0x00000000   Code   RO         2068    .ARM.Collect$$$$00000008  mc_p.l(entry7b.o)
    0x000000d0   0x000000d0   0x00000000   Code   RO         2070    .ARM.Collect$$$$0000000A  mc_p.l(entry8b.o)
    0x000000d0   0x000000d0   0x00000008   Code   RO         2071    .ARM.Collect$$$$0000000B  mc_p.l(entry9a.o)
    0x000000d8   0x000000d8   0x00000004   Code   RO         2078    .ARM.Collect$$$$0000000E  mc_p.l(entry12b.o)
    0x000000dc   0x000000dc   0x00000000   Code   RO         2073    .ARM.Collect$$$$0000000F  mc_p.l(entry10a.o)
    0x000000dc   0x000000dc   0x00000000   Code   RO         2075    .ARM.Collect$$$$00000011  mc_p.l(entry11a.o)
    0x000000dc   0x000000dc   0x00000004   Code   RO         2064    .ARM.Collect$$$$00002712  mc_p.l(entry2.o)
    0x000000e0   0x000000e0   0x00000050   Code   RO         1973    .text               startup_swm181.o
    0x00000130   0x00000130   0x0000002c   Code   RO         2045    .text               mc_p.l(uidiv.o)
    0x0000015c   0x0000015c   0x00000028   Code   RO         2047    .text               mc_p.l(idiv.o)
    0x00000184   0x00000184   0x00000024   Code   RO         2049    .text               mc_p.l(memcpya.o)
    0x000001a8   0x000001a8   0x00000024   Code   RO         2051    .text               mc_p.l(memseta.o)
    0x000001cc   0x000001cc   0x00000012   Code   RO         2055    .text               mc_p.l(strcpy.o)
    0x000001de   0x000001de   0x00000014   Code   RO         2059    .text               mc_p.l(uread4.o)
    0x000001f2   0x000001f2   0x00000012   Code   RO         2061    .text               mc_p.l(uwrite4.o)
    0x00000204   0x00000204   0x00000024   Code   RO         2079    .text               mc_p.l(init.o)
    0x00000228   0x00000228   0x00000044   Code   RO         1243    i.CACHE_Invalid     swm181_cache.o
    0x0000026c   0x0000026c   0x00000008   Code   RO         1354    i.EXTI_Clear        swm181_exti.o
    0x00000274   0x00000274   0x0000000c   Code   RO         1355    i.EXTI_Close        swm181_exti.o
    0x00000280   0x00000280   0x0000008a   Code   RO         1356    i.EXTI_Init         swm181_exti.o
    0x0000030a   0x0000030a   0x0000000c   Code   RO         1357    i.EXTI_Open         swm181_exti.o
    0x00000316   0x00000316   0x0000000c   Code   RO         1359    i.EXTI_State        swm181_exti.o
    0x00000322   0x00000322   0x00000002   PAD
    0x00000324   0x00000324   0x00000034   Code   RO         1405    i.FLASH_Erase       swm181_flash.o
    0x00000358   0x00000358   0x00000088   Code   RO         1406    i.FLASH_Read        swm181_flash.o
    0x000003e0   0x000003e0   0x00000040   Code   RO         1407    i.FLASH_Write       swm181_flash.o
    0x00000420   0x00000420   0x0000000c   Code   RO         1451    i.GPIO_ClrBit       swm181_gpio.o
    0x0000042c   0x0000042c   0x0000000c   Code   RO         1453    i.GPIO_GetBit       swm181_gpio.o
    0x00000438   0x00000438   0x00000158   Code   RO         1455    i.GPIO_Init         swm181_gpio.o
    0x00000590   0x00000590   0x0000000c   Code   RO         1456    i.GPIO_InvBit       swm181_gpio.o
    0x0000059c   0x0000059c   0x0000000c   Code   RO         1458    i.GPIO_SetBit       swm181_gpio.o
    0x000005a8   0x000005a8   0x000000e8   Code   RO          285    i.IRQ0_Handler      swm_it.o
    0x00000690   0x00000690   0x00000048   Code   RO          286    i.IRQ10_Handler     swm_it.o
    0x000006d8   0x000006d8   0x0000006c   Code   RO          287    i.IRQ11_Handler     swm_it.o
    0x00000744   0x00000744   0x0000007c   Code   RO          288    i.IRQ12_Handler     swm_it.o
    0x000007c0   0x000007c0   0x000000c8   Code   RO          289    i.IRQ1_Handler      swm_it.o
    0x00000888   0x00000888   0x000000d0   Code   RO          290    i.IRQ28_Handler     swm_it.o
    0x00000958   0x00000958   0x00000098   Code   RO          291    i.IRQ29_Handler     swm_it.o
    0x000009f0   0x000009f0   0x000000c8   Code   RO          292    i.IRQ2_Handler      swm_it.o
    0x00000ab8   0x00000ab8   0x000000d0   Code   RO          293    i.IRQ3_Handler      swm_it.o
    0x00000b88   0x00000b88   0x000000d0   Code   RO          294    i.IRQ4_Handler      swm_it.o
    0x00000c58   0x00000c58   0x000000d0   Code   RO          295    i.IRQ5_Handler      swm_it.o
    0x00000d28   0x00000d28   0x000000d0   Code   RO          296    i.IRQ6_Handler      swm_it.o
    0x00000df8   0x00000df8   0x000000d0   Code   RO          297    i.IRQ7_Handler      swm_it.o
    0x00000ec8   0x00000ec8   0x000000d0   Code   RO          298    i.IRQ8_Handler      swm_it.o
    0x00000f98   0x00000f98   0x000000d0   Code   RO          299    i.IRQ9_Handler      swm_it.o
    0x00001068   0x00001068   0x00000094   Code   RO         1549    i.IRQ_Connect       swm181_irqmux.o
    0x000010fc   0x000010fc   0x00000030   Code   RO          842    i.IR_EXTI_Init      infrared_ray_check.o
    0x0000112c   0x0000112c   0x00000044   Code   RO          843    i.IR_GPIO_Init      infrared_ray_check.o
    0x00001170   0x00001170   0x000002b0   Code   RO         1583    i.PORT_Init         swm181_port.o
    0x00001420   0x00001420   0x00000018   Code   RO          976    i.SEGGER_RTT_Init   segger_rtt.o
    0x00001438   0x00001438   0x00000030   Code   RO          984    i.SEGGER_RTT_Write  segger_rtt.o
    0x00001468   0x00001468   0x00000084   Code   RO          985    i.SEGGER_RTT_WriteNoLock  segger_rtt.o
    0x000014ec   0x000014ec   0x0000001c   Code   RO         1124    i.SEGGER_RTT_printf  segger_rtt_printf.o
    0x00001508   0x00001508   0x00000218   Code   RO         1125    i.SEGGER_RTT_vprintf  segger_rtt_printf.o
    0x00001720   0x00001720   0x0000003c   Code   RO          300    i.SysTick_Handler   swm_it.o
    0x0000175c   0x0000175c   0x00000088   Code   RO         1982    i.SystemCoreClockUpdate  system_swm181.o
    0x000017e4   0x000017e4   0x000000cc   Code   RO         1983    i.SystemInit        system_swm181.o
    0x000018b0   0x000018b0   0x00000044   Code   RO         1627    i.TIMR_INTClr       swm181_timr.o
    0x000018f4   0x000018f4   0x00000054   Code   RO         1630    i.TIMR_INTStat      swm181_timr.o
    0x00001948   0x00001948   0x000000d4   Code   RO         1631    i.TIMR_Init         swm181_timr.o
    0x00001a1c   0x00001a1c   0x0000000a   Code   RO         1634    i.TIMR_Start        swm181_timr.o
    0x00001a26   0x00001a26   0x0000000a   Code   RO         1635    i.TIMR_Stop         swm181_timr.o
    0x00001a30   0x00001a30   0x0000000c   Code   RO         1714    i.UART_Close        swm181_uart.o
    0x00001a3c   0x00001a3c   0x0000000e   Code   RO         1718    i.UART_INTRXThresholdStat  swm181_uart.o
    0x00001a4a   0x00001a4a   0x0000000c   Code   RO         1726    i.UART_INTTimeoutEn  swm181_uart.o
    0x00001a56   0x00001a56   0x0000000e   Code   RO         1727    i.UART_INTTimeoutStat  swm181_uart.o
    0x00001a64   0x00001a64   0x0000010c   Code   RO         1728    i.UART_Init         swm181_uart.o
    0x00001b70   0x00001b70   0x0000000c   Code   RO         1729    i.UART_IsRXFIFOEmpty  swm181_uart.o
    0x00001b7c   0x00001b7c   0x0000000e   Code   RO         1730    i.UART_IsTXBusy     swm181_uart.o
    0x00001b8a   0x00001b8a   0x0000000c   Code   RO         1736    i.UART_Open         swm181_uart.o
    0x00001b96   0x00001b96   0x0000001c   Code   RO         1739    i.UART_ReadByte     swm181_uart.o
    0x00001bb2   0x00001bb2   0x00000004   Code   RO         1741    i.UART_WriteByte    swm181_uart.o
    0x00001bb6   0x00001bb6   0x00000002   PAD
    0x00001bb8   0x00001bb8   0x00000070   Code   RO          988    i._DoInit           segger_rtt.o
    0x00001c28   0x00001c28   0x0000001c   Code   RO          989    i._GetAvailWriteSpace  segger_rtt.o
    0x00001c44   0x00001c44   0x0000010e   Code   RO         1126    i._PrintInt         segger_rtt_printf.o
    0x00001d52   0x00001d52   0x00000002   PAD
    0x00001d54   0x00001d54   0x0000011c   Code   RO         1127    i._PrintUnsigned    segger_rtt_printf.o
    0x00001e70   0x00001e70   0x00000044   Code   RO         1128    i._StoreChar        segger_rtt_printf.o
    0x00001eb4   0x00001eb4   0x0000007a   Code   RO          991    i._WriteBlocking    segger_rtt.o
    0x00001f2e   0x00001f2e   0x0000004a   Code   RO          992    i._WriteNoCheck     segger_rtt.o
    0x00001f78   0x00001f78   0x0000001c   Code   RO           26    i.__ARM_common_switch8  main.o
    0x00001f94   0x00001f94   0x00000020   Code   RO          719    i.__NVIC_DisableIRQ  rs485.o
    0x00001fb4   0x00001fb4   0x00000020   Code   RO          720    i.__NVIC_EnableIRQ  rs485.o
    0x00001fd4   0x00001fd4   0x00000078   Code   RO          447    i.__NVIC_SetPriority  tick.o
    0x0000204c   0x0000204c   0x00000078   Code   RO         1551    i.__NVIC_SetPriority  swm181_irqmux.o
    0x000020c4   0x000020c4   0x0000000e   Code   RO         2083    i.__scatterload_copy  mc_p.l(handlers.o)
    0x000020d2   0x000020d2   0x00000002   Code   RO         2084    i.__scatterload_null  mc_p.l(handlers.o)
    0x000020d4   0x000020d4   0x0000000e   Code   RO         2085    i.__scatterload_zeroinit  mc_p.l(handlers.o)
    0x000020e2   0x000020e2   0x00000002   PAD
    0x000020e4   0x000020e4   0x00000024   Code   RO          401    i.ask_ambient       ambient.o
    0x00002108   0x00002108   0x00000068   Code   RO            3    i.board_init        main.o
    0x00002170   0x00002170   0x00000050   Code   RO          505    i.check_ir          motor_driver.o
    0x000021c0   0x000021c0   0x000001b4   Code   RO          506    i.check_motor       motor_driver.o
    0x00002374   0x00002374   0x0000001a   Code   RO          507    i.check_xy          motor_driver.o
    0x0000238e   0x0000238e   0x00000002   PAD
    0x00002390   0x00002390   0x0000000c   Code   RO          508    i.clear_current_channel  motor_driver.o
    0x0000239c   0x0000239c   0x00000094   Code   RO          687    i.clear_uart_fifo   uart.o
    0x00002430   0x00002430   0x00000048   Code   RO          178    i.crc16encode       vm.o
    0x00002478   0x00002478   0x0000001c   Code   RO          509    i.current_channel_updata  motor_driver.o
    0x00002494   0x00002494   0x00000022   Code   RO          448    i.delay_ntick       tick.o
    0x000024b6   0x000024b6   0x00000002   PAD
    0x000024b8   0x000024b8   0x00000070   Code   RO          936    i.drive_address_config  address.o
    0x00002528   0x00002528   0x00000094   Code   RO          510    i.fb_cnt_clear      motor_driver.o
    0x000025bc   0x000025bc   0x00000054   Code   RO          511    i.fb_cnt_clear_all  motor_driver.o
    0x00002610   0x00002610   0x00000084   Code   RO          512    i.fb_cnt_get        motor_driver.o
    0x00002694   0x00002694   0x0000000c   Code   RO          513    i.fb_cnt_set        motor_driver.o
    0x000026a0   0x000026a0   0x000000bc   Code   RO          514    i.fb_cnt_updata     motor_driver.o
    0x0000275c   0x0000275c   0x000000d0   Code   RO          515    i.fb_electromagnet_action  motor_driver.o
    0x0000282c   0x0000282c   0x0000000c   Code   RO          516    i.fb_exti_cnt_get   motor_driver.o
    0x00002838   0x00002838   0x00000150   Code   RO          517    i.fb_motor_on       motor_driver.o
    0x00002988   0x00002988   0x00000020   Code   RO          179    i.fb_motor_output   vm.o
    0x000029a8   0x000029a8   0x00000058   Code   RO          180    i.frame_check       vm.o
    0x00002a00   0x00002a00   0x0000003c   Code   RO          181    i.frame_default     vm.o
    0x00002a3c   0x00002a3c   0x0000000c   Code   RO          519    i.get_current_channel  motor_driver.o
    0x00002a48   0x00002a48   0x00000010   Code   RO          937    i.get_driver_address  address.o
    0x00002a58   0x00002a58   0x0000000c   Code   RO          449    i.get_tick          tick.o
    0x00002a64   0x00002a64   0x00000030   Code   RO          520    i.get_x_num         motor_driver.o
    0x00002a94   0x00002a94   0x00000042   Code   RO          521    i.get_y_num         motor_driver.o
    0x00002ad6   0x00002ad6   0x00000002   PAD
    0x00002ad8   0x00002ad8   0x0000007c   Code   RO          816    i.hw_timr_ir_init   timer.o
    0x00002b54   0x00002b54   0x0000007c   Code   RO          817    i.hw_timr_motor_init  timer.o
    0x00002bd0   0x00002bd0   0x0000000c   Code   RO          844    i.ir_check_init     infrared_ray_check.o
    0x00002bdc   0x00002bdc   0x0000000c   Code   RO          845    i.ir_cnt_clear      infrared_ray_check.o
    0x00002be8   0x00002be8   0x0000000c   Code   RO          846    i.ir_cnt_get        infrared_ray_check.o
    0x00002bf4   0x00002bf4   0x00000010   Code   RO          847    i.ir_cnt_updata     infrared_ray_check.o
    0x00002c04   0x00002c04   0x00000024   Code   RO          796    i.led_init          led.o
    0x00002c28   0x00002c28   0x0000000c   Code   RO          522    i.load_free_buys    motor_driver.o
    0x00002c34   0x00002c34   0x0000000c   Code   RO          523    i.load_set_buys     motor_driver.o
    0x00002c40   0x00002c40   0x0000000c   Code   RO          524    i.load_status_get   motor_driver.o
    0x00002c4c   0x00002c4c   0x00000038   Code   RO          910    i.lock_io_Init      lock.o
    0x00002c84   0x00002c84   0x00000060   Code   RO            4    i.main              main.o
    0x00002ce4   0x00002ce4   0x00000050   Code   RO          938    i.modification_address  address.o
    0x00002d34   0x00002d34   0x00000088   Code   RO          525    i.motor_driver_io_init  motor_driver.o
    0x00002dbc   0x00002dbc   0x00000030   Code   RO          526    i.motor_fb_exti_disable  motor_driver.o
    0x00002dec   0x00002dec   0x00000030   Code   RO          527    i.motor_fb_exti_enable  motor_driver.o
    0x00002e1c   0x00002e1c   0x000000a8   Code   RO          528    i.motor_fb_exti_init  motor_driver.o
    0x00002ec4   0x00002ec4   0x00000038   Code   RO          529    i.motor_fb_io_init  motor_driver.o
    0x00002efc   0x00002efc   0x00000010   Code   RO          530    i.motor_init        motor_driver.o
    0x00002f0c   0x00002f0c   0x00000080   Code   RO          531    i.motor_off         motor_driver.o
    0x00002f8c   0x00002f8c   0x0000001a   Code   RO         1172    i.mymemcpy          malloc.o
    0x00002fa6   0x00002fa6   0x00000014   Code   RO         1173    i.mymemset          malloc.o
    0x00002fba   0x00002fba   0x00000002   PAD
    0x00002fbc   0x00002fbc   0x000000e0   Code   RO          532    i.nfb_electromagnet_action  motor_driver.o
    0x0000309c   0x0000309c   0x00000038   Code   RO          911    i.open_the_door     lock.o
    0x000030d4   0x000030d4   0x000000e0   Code   RO          182    i.output            vm.o
    0x000031b4   0x000031b4   0x00000024   Code   RO          533    i.read_fb_channel_status  motor_driver.o
    0x000031d8   0x000031d8   0x00000230   Code   RO          183    i.rs485_ch1_recv    vm.o
    0x00003408   0x00003408   0x00000404   Code   RO          184    i.rs485_ch1_reply   vm.o
    0x0000380c   0x0000380c   0x00000088   Code   RO          402    i.rs485_ch2_recv    ambient.o
    0x00003894   0x00003894   0x00000028   Code   RO          721    i.rs485_channel1_clear_buffer  rs485.o
    0x000038bc   0x000038bc   0x0000003c   Code   RO          722    i.rs485_channel1_config  rs485.o
    0x000038f8   0x000038f8   0x00000048   Code   RO          723    i.rs485_channel1_get_buffer  rs485.o
    0x00003940   0x00003940   0x0000002c   Code   RO          724    i.rs485_channel1_send  rs485.o
    0x0000396c   0x0000396c   0x0000003c   Code   RO          725    i.rs485_channel2_config  rs485.o
    0x000039a8   0x000039a8   0x0000003c   Code   RO          726    i.rs485_channel2_get_buffer  rs485.o
    0x000039e4   0x000039e4   0x0000002c   Code   RO          727    i.rs485_channel2_send  rs485.o
    0x00003a10   0x00003a10   0x00000028   Code   RO         1984    i.switchToRC12MHz   system_swm181.o
    0x00003a38   0x00003a38   0x00000024   Code   RO         1985    i.switchToRC24MHz   system_swm181.o
    0x00003a5c   0x00003a5c   0x00000028   Code   RO         1986    i.switchToRC32KHz   system_swm181.o
    0x00003a84   0x00003a84   0x00000028   Code   RO         1987    i.switchToRC48MHz   system_swm181.o
    0x00003aac   0x00003aac   0x00000024   Code   RO         1988    i.switchToRC6MHz    system_swm181.o
    0x00003ad0   0x00003ad0   0x00000054   Code   RO         1989    i.switchToXTAL      system_swm181.o
    0x00003b24   0x00003b24   0x00000040   Code   RO          450    i.system_tick_init  tick.o
    0x00003b64   0x00003b64   0x0000000c   Code   RO          451    i.tick_reset        tick.o
    0x00003b70   0x00003b70   0x00000010   Code   RO          452    i.tick_updata       tick.o
    0x00003b80   0x00003b80   0x000000c4   Code   RO          688    i.uart_init         uart.o
    0x00003c44   0x00003c44   0x0000002c   Code   RO          689    i.uart_send         uart.o
    0x00003c70   0x00003c70   0x00000048   Code   RO          185    i.vm_elock          vm.o
    0x00003cb8   0x00003cb8   0x0000000c   Code   RO          848    i.wait_ir_flag_clear  infrared_ray_check.o
    0x00003cc4   0x00003cc4   0x0000000c   Code   RO          849    i.wait_ir_flag_get  infrared_ray_check.o
    0x00003cd0   0x00003cd0   0x0000000c   Code   RO          850    i.wait_ir_flag_set  infrared_ray_check.o
    0x00003cdc   0x00003cdc   0x00000014   Code   RO          186    i.write_frame_checkcode  vm.o
    0x00003cf0   0x00003cf0   0x00000008   Data   RO          404    .constdata          ambient.o
    0x00003cf8   0x00003cf8   0x00000108   Data   RO          534    .constdata          motor_driver.o
    0x00003e00   0x00003e00   0x00000010   Data   RO         1129    .constdata          segger_rtt_printf.o
    0x00003e10   0x00003e10   0x0000008f   Data   RO          188    .conststring        vm.o
    0x00003e9f   0x00003e9f   0x00000001   PAD
    0x00003ea0   0x00003ea0   0x00000020   Data   RO         2081    Region$$Table       anon$$obj.o


    Execution Region RW_IRAM1 (Exec base: 0x20000000, Load base: 0x00003ec0, Size: 0x00000e38, Max: 0x00004000, ABSOLUTE)

    Exec Addr    Load Addr    Size         Type   Attr      Idx    E Section Name        Object

    0x20000000   0x00003ec0   0x0000000b   Data   RW          189    .data               vm.o
    0x2000000b   0x00003ecb   0x00000001   PAD
    0x2000000c   0x00003ecc   0x00000008   Data   RW          301    .data               swm_it.o
    0x20000014   0x00003ed4   0x00000001   Data   RW          405    .data               ambient.o
    0x20000015   0x00003ed5   0x00000003   PAD
    0x20000018   0x00003ed8   0x00000004   Data   RW          453    .data               tick.o
    0x2000001c   0x00003edc   0x0000000d   Data   RW          535    .data               motor_driver.o
    0x20000029   0x00003ee9   0x00000003   PAD
    0x2000002c   0x00003eec   0x0000000c   Data   RW          729    .data               rs485.o
    0x20000038   0x00003ef8   0x00000002   Data   RW          851    .data               infrared_ray_check.o
    0x2000003a   0x00003efa   0x00000008   Data   RW          939    .data               address.o
    0x20000042   0x00003f02   0x00000002   PAD
    0x20000044   0x00003f04   0x00000004   Data   RW         1408    .data               swm181_flash.o
    0x20000048   0x00003f08   0x00000008   Data   RW         1990    .data               system_swm181.o
    0x20000050        -       0x00000012   Zero   RW            5    .bss                main.o
    0x20000062        -       0x00000012   Zero   RW          187    .bss                vm.o
    0x20000074        -       0x00000009   Zero   RW          403    .bss                ambient.o
    0x2000007d        -       0x00000032   Zero   RW          728    .bss                rs485.o
    0x200000af   0x00003f10   0x00000001   PAD
    0x200000b0        -       0x00000488   Zero   RW          993    .bss                segger_rtt.o
    0x20000538        -       0x00000900   Zero   RW         1970    STACK               startup_swm181.o


==============================================================================

Image component sizes


      Code (inc. data)   RO Data    RW Data    ZI Data      Debug   Object Name

       208         22          0          8          0       2694   address.o
       172         22          8          1          9       2131   ambient.o
       204         42          0          2          0       4723   infrared_ray_check.o
        36          6          0          0          0        471   led.o
       112         14          0          0          0       1019   lock.o
       228         36          0          0         18      92265   main.o
        46          0          0          0          0       1586   malloc.o
      2724        450        264         13          0      18091   motor_driver.o
       444         84          0         12         50      13678   rs485.o
       540         50          0          0       1160       8204   segger_rtt.o
      1186          4         16          0          0       6413   segger_rtt_printf.o
       280        202          0          0       2304       2224   startup_swm181.o
        68          4          0          0          0        624   swm181_cache.o
       182          0          0          0          0       3483   swm181_exti.o
       252         14          0          4          0       2887   swm181_flash.o
       392         12          0          0          0       3756   swm181_gpio.o
       268         16          0          0          0       9746   swm181_irqmux.o
       688         10          0          0          0       1468   swm181_port.o
       384         28          0          0          0       3498   swm181_timr.o
       390         14          0          0          0       6343   swm181_uart.o
      2812        540          0          8          0       8997   swm_it.o
       616         76          0          8          0       4095   system_swm181.o
       258         36          0          4          0      11162   tick.o
       248         26          0          0          0       1195   timer.o
       388         28          0          0          0       2378   uart.o
      2156        528        143         11         18       8773   vm.o

    ----------------------------------------------------------------------
     15296       2264        464         80       3560     221904   Object Totals
         0          0         32          0          0          0   (incl. Generated)
        14          0          1          9          1          0   (incl. Padding)

    ----------------------------------------------------------------------

      Code (inc. data)   RO Data    RW Data    ZI Data      Debug   Library Member Name

         0          0          0          0          0          0   entry.o
         0          0          0          0          0          0   entry10a.o
         0          0          0          0          0          0   entry11a.o
         4          0          0          0          0          0   entry12b.o
         8          4          0          0          0          0   entry2.o
         4          0          0          0          0          0   entry5.o
         0          0          0          0          0          0   entry7b.o
         0          0          0          0          0          0   entry8b.o
         8          4          0          0          0          0   entry9a.o
        30          0          0          0          0          0   handlers.o
        40          0          0          0          0         72   idiv.o
        36          8          0          0          0         68   init.o
        36          0          0          0          0         60   memcpya.o
        36          0          0          0          0        100   memseta.o
        18          0          0          0          0         60   strcpy.o
        44          0          0          0          0         72   uidiv.o
        20          0          0          0          0         60   uread4.o
        18          0          0          0          0         60   uwrite4.o

    ----------------------------------------------------------------------
       304         16          0          0          0        552   Library Totals
         2          0          0          0          0          0   (incl. Padding)

    ----------------------------------------------------------------------

      Code (inc. data)   RO Data    RW Data    ZI Data      Debug   Library Name

       302         16          0          0          0        552   mc_p.l

    ----------------------------------------------------------------------
       304         16          0          0          0        552   Library Totals

    ----------------------------------------------------------------------

==============================================================================


      Code (inc. data)   RO Data    RW Data    ZI Data      Debug   

     15600       2280        464         80       3560     216000   Grand Totals
     15600       2280        464         80       3560     216000   ELF Image Totals
     15600       2280        464         80          0          0   ROM Totals

==============================================================================

    Total RO  Size (Code + RO Data)                16064 (  15.69kB)
    Total RW  Size (RW Data + ZI Data)              3640 (   3.55kB)
    Total ROM Size (Code + RO Data + RW Data)      16144 (  15.77kB)

==============================================================================

