Removed Pin From Net: NetName=NetR9_1 Pin=R9-1
Removed Pin From Net: NetName=IR_SIG_H Pin=R9-2
Removed Pin From Net: NetName=NetTP1_1 Pin=TP1-1
Removed Pin From Net: NetName=NetTP1_1 Pin=U1-63
Removed Pin From Net: NetName=NetR9_1 Pin=U6-1
Removed Pin From Net: NetName=GND Pin=U6-2
Removed Pin From Net: NetName=GND Pin=U6-3
Removed Pin From Net: NetName=IR_S Pin=U6-4
Removed Member From Class: ClassName=U_主控制器 Member=TP1
Removed Member From Class: ClassName=U_主控制器 Member=U6
Change Component Comment : Designator=R9 Old Comment=1K New Comment=10K
Change Component Comment : Designator=Q5_U_SIG_IN1 Old Comment=S8550 New Comment=S8050
Change Component Comment : Designator=Q5_U_SIG_IN2 Old Comment=S8550 New Comment=S8050
Change Component Comment : Designator=Q5_U_SIG_IN3 Old Comment=S8550 New Comment=S8050
Change Component Comment : Designator=Q5_U_SIG_IN4 Old Comment=S8550 New Comment=S8050
Change Component Comment : Designator=Q5_U_SIG_IN5 Old Comment=S8550 New Comment=S8050
Change Component Comment : Designator=Q5_U_SIG_IN6 Old Comment=S8550 New Comment=S8050
Change Component Comment : Designator=Q5_U_SIG_IN7 Old Comment=S8550 New Comment=S8050
Change Component Comment : Designator=Q5_U_SIG_IN8 Old Comment=S8550 New Comment=S8050
Change Component Comment : Designator=Q5_U_SIG_IN9 Old Comment=S8550 New Comment=S8050
Change Component Comment : Designator=Q5_U_SIG_IN10 Old Comment=S8550 New Comment=S8050
Added Component: Designator=JP11(HDR-1X2)
Add component. Clean all parameters for all variants
Add component (AddParameter): Name = "BOM名称"; Value = "2P接插件"; VariantName = "[No Variations]"
Add component (AddParameter): Name = "学习资源"; Value = "www.ooocke.com"; VariantName = "[No Variations]"
Add component (AddParameter): Name = "版权归属"; Value = "源创客"; VariantName = "[No Variations]"
Added Component: Designator=Q7(SOT-23)
Add component. Clean all parameters for all variants
Added Component: Designator=R8(R 0603)
Add component. Clean all parameters for all variants
Add component (AddParameter): Name = "BOM名称"; Value = "贴片电阻"; VariantName = "[No Variations]"
Add component (AddParameter): Name = "学习资源"; Value = "www.ooocke.com"; VariantName = "[No Variations]"
Add component (AddParameter): Name = "版权归属"; Value = "源创客"; VariantName = "[No Variations]"
Added Pin To Net: NetName=GND Pin=JP11-1
Added Pin To Net: NetName=NetR9_1 Pin=JP11-2
Added Pin To Net: NetName=NetTP1_1 Pin=Q7-B
Added Pin To Net: NetName=IR_S Pin=Q7-C
Added Pin To Net: NetName=GND Pin=Q7-E
Added Pin To Net: NetName=NetTP1_1 Pin=R8-1
Added Pin To Net: NetName=IR_SIG_H Pin=R8-2
Added Pin To Net: NetName=GND Pin=R9-1
Added Pin To Net: NetName=NetTP1_1 Pin=R9-2
Added Pin To Net: NetName=NetR9_1 Pin=U1-63
Change Net Name : Old Net Name=NetR9_1 New Net Name=NetJP11_2
Change Net Name : Old Net Name=NetTP1_1 New Net Name=NetQ7_B
Added Member To Class: ClassName=U_主控制器 Member=Component JP11 HDR-1X2
Added Member To Class: ClassName=U_主控制器 Member=Component Q7 S8050
Added Member To Class: ClassName=U_主控制器 Member=Component R8 4.7K
